Archive member included to satisfy reference by file (symbol)

g:/en.st-stm32cubeide_1.4.0_7511_20200720_0928_x86_64_exe/stm32cubeide_1.4.0/stm32cubeide/plugins/com.st.stm32cube.ide.mcu.externaltools.gnu-tools-for-stm32.7-2018-q2-update.win32_1.4.0.202007081208/tools/bin/../lib/gcc/arm-none-eabi/7.3.1/../../../../arm-none-eabi/lib/thumb/v7-m\libc_nano.a(lib_a-errno.o)
                              Src/syscalls.o (__errno)
g:/en.st-stm32cubeide_1.4.0_7511_20200720_0928_x86_64_exe/stm32cubeide_1.4.0/stm32cubeide/plugins/com.st.stm32cube.ide.mcu.externaltools.gnu-tools-for-stm32.7-2018-q2-update.win32_1.4.0.202007081208/tools/bin/../lib/gcc/arm-none-eabi/7.3.1/../../../../arm-none-eabi/lib/thumb/v7-m\libc_nano.a(lib_a-exit.o)
                              g:/en.st-stm32cubeide_1.4.0_7511_20200720_0928_x86_64_exe/stm32cubeide_1.4.0/stm32cubeide/plugins/com.st.stm32cube.ide.mcu.externaltools.gnu-tools-for-stm32.7-2018-q2-update.win32_1.4.0.202007081208/tools/bin/../lib/gcc/arm-none-eabi/7.3.1/../../../../arm-none-eabi/lib/thumb/v7-m/crt0.o (exit)
g:/en.st-stm32cubeide_1.4.0_7511_20200720_0928_x86_64_exe/stm32cubeide_1.4.0/stm32cubeide/plugins/com.st.stm32cube.ide.mcu.externaltools.gnu-tools-for-stm32.7-2018-q2-update.win32_1.4.0.202007081208/tools/bin/../lib/gcc/arm-none-eabi/7.3.1/../../../../arm-none-eabi/lib/thumb/v7-m\libc_nano.a(lib_a-impure.o)
                              g:/en.st-stm32cubeide_1.4.0_7511_20200720_0928_x86_64_exe/stm32cubeide_1.4.0/stm32cubeide/plugins/com.st.stm32cube.ide.mcu.externaltools.gnu-tools-for-stm32.7-2018-q2-update.win32_1.4.0.202007081208/tools/bin/../lib/gcc/arm-none-eabi/7.3.1/../../../../arm-none-eabi/lib/thumb/v7-m\libc_nano.a(lib_a-exit.o) (_global_impure_ptr)
g:/en.st-stm32cubeide_1.4.0_7511_20200720_0928_x86_64_exe/stm32cubeide_1.4.0/stm32cubeide/plugins/com.st.stm32cube.ide.mcu.externaltools.gnu-tools-for-stm32.7-2018-q2-update.win32_1.4.0.202007081208/tools/bin/../lib/gcc/arm-none-eabi/7.3.1/../../../../arm-none-eabi/lib/thumb/v7-m\libc_nano.a(lib_a-init.o)
                              g:/en.st-stm32cubeide_1.4.0_7511_20200720_0928_x86_64_exe/stm32cubeide_1.4.0/stm32cubeide/plugins/com.st.stm32cube.ide.mcu.externaltools.gnu-tools-for-stm32.7-2018-q2-update.win32_1.4.0.202007081208/tools/bin/../lib/gcc/arm-none-eabi/7.3.1/../../../../arm-none-eabi/lib/thumb/v7-m/crt0.o (__libc_init_array)
g:/en.st-stm32cubeide_1.4.0_7511_20200720_0928_x86_64_exe/stm32cubeide_1.4.0/stm32cubeide/plugins/com.st.stm32cube.ide.mcu.externaltools.gnu-tools-for-stm32.7-2018-q2-update.win32_1.4.0.202007081208/tools/bin/../lib/gcc/arm-none-eabi/7.3.1/../../../../arm-none-eabi/lib/thumb/v7-m\libc_nano.a(lib_a-memset.o)
                              g:/en.st-stm32cubeide_1.4.0_7511_20200720_0928_x86_64_exe/stm32cubeide_1.4.0/stm32cubeide/plugins/com.st.stm32cube.ide.mcu.externaltools.gnu-tools-for-stm32.7-2018-q2-update.win32_1.4.0.202007081208/tools/bin/../lib/gcc/arm-none-eabi/7.3.1/../../../../arm-none-eabi/lib/thumb/v7-m/crt0.o (memset)

Allocating common symbols
Common symbol       size              file

PCFG                0x4               HAL/KeyPad.o
GP_IRQ_CallBack     0x3c              stm32_f103c6_drivers/stm32_f103c6_drivers_EXTI.o

Discarded input sections

 .text          0x0000000000000000        0x0 g:/en.st-stm32cubeide_1.4.0_7511_20200720_0928_x86_64_exe/stm32cubeide_1.4.0/stm32cubeide/plugins/com.st.stm32cube.ide.mcu.externaltools.gnu-tools-for-stm32.7-2018-q2-update.win32_1.4.0.202007081208/tools/bin/../lib/gcc/arm-none-eabi/7.3.1/thumb/v7-m/crti.o
 .data          0x0000000000000000        0x0 g:/en.st-stm32cubeide_1.4.0_7511_20200720_0928_x86_64_exe/stm32cubeide_1.4.0/stm32cubeide/plugins/com.st.stm32cube.ide.mcu.externaltools.gnu-tools-for-stm32.7-2018-q2-update.win32_1.4.0.202007081208/tools/bin/../lib/gcc/arm-none-eabi/7.3.1/thumb/v7-m/crti.o
 .bss           0x0000000000000000        0x0 g:/en.st-stm32cubeide_1.4.0_7511_20200720_0928_x86_64_exe/stm32cubeide_1.4.0/stm32cubeide/plugins/com.st.stm32cube.ide.mcu.externaltools.gnu-tools-for-stm32.7-2018-q2-update.win32_1.4.0.202007081208/tools/bin/../lib/gcc/arm-none-eabi/7.3.1/thumb/v7-m/crti.o
 .data          0x0000000000000000        0x4 g:/en.st-stm32cubeide_1.4.0_7511_20200720_0928_x86_64_exe/stm32cubeide_1.4.0/stm32cubeide/plugins/com.st.stm32cube.ide.mcu.externaltools.gnu-tools-for-stm32.7-2018-q2-update.win32_1.4.0.202007081208/tools/bin/../lib/gcc/arm-none-eabi/7.3.1/thumb/v7-m/crtbegin.o
 .text          0x0000000000000000       0x74 g:/en.st-stm32cubeide_1.4.0_7511_20200720_0928_x86_64_exe/stm32cubeide_1.4.0/stm32cubeide/plugins/com.st.stm32cube.ide.mcu.externaltools.gnu-tools-for-stm32.7-2018-q2-update.win32_1.4.0.202007081208/tools/bin/../lib/gcc/arm-none-eabi/7.3.1/../../../../arm-none-eabi/lib/thumb/v7-m/crt0.o
 .data          0x0000000000000000        0x0 g:/en.st-stm32cubeide_1.4.0_7511_20200720_0928_x86_64_exe/stm32cubeide_1.4.0/stm32cubeide/plugins/com.st.stm32cube.ide.mcu.externaltools.gnu-tools-for-stm32.7-2018-q2-update.win32_1.4.0.202007081208/tools/bin/../lib/gcc/arm-none-eabi/7.3.1/../../../../arm-none-eabi/lib/thumb/v7-m/crt0.o
 .bss           0x0000000000000000        0x0 g:/en.st-stm32cubeide_1.4.0_7511_20200720_0928_x86_64_exe/stm32cubeide_1.4.0/stm32cubeide/plugins/com.st.stm32cube.ide.mcu.externaltools.gnu-tools-for-stm32.7-2018-q2-update.win32_1.4.0.202007081208/tools/bin/../lib/gcc/arm-none-eabi/7.3.1/../../../../arm-none-eabi/lib/thumb/v7-m/crt0.o
 .ARM.extab     0x0000000000000000        0x0 g:/en.st-stm32cubeide_1.4.0_7511_20200720_0928_x86_64_exe/stm32cubeide_1.4.0/stm32cubeide/plugins/com.st.stm32cube.ide.mcu.externaltools.gnu-tools-for-stm32.7-2018-q2-update.win32_1.4.0.202007081208/tools/bin/../lib/gcc/arm-none-eabi/7.3.1/../../../../arm-none-eabi/lib/thumb/v7-m/crt0.o
 .ARM.exidx     0x0000000000000000        0x8 g:/en.st-stm32cubeide_1.4.0_7511_20200720_0928_x86_64_exe/stm32cubeide_1.4.0/stm32cubeide/plugins/com.st.stm32cube.ide.mcu.externaltools.gnu-tools-for-stm32.7-2018-q2-update.win32_1.4.0.202007081208/tools/bin/../lib/gcc/arm-none-eabi/7.3.1/../../../../arm-none-eabi/lib/thumb/v7-m/crt0.o
 .ARM.attributes
                0x0000000000000000       0x1b g:/en.st-stm32cubeide_1.4.0_7511_20200720_0928_x86_64_exe/stm32cubeide_1.4.0/stm32cubeide/plugins/com.st.stm32cube.ide.mcu.externaltools.gnu-tools-for-stm32.7-2018-q2-update.win32_1.4.0.202007081208/tools/bin/../lib/gcc/arm-none-eabi/7.3.1/../../../../arm-none-eabi/lib/thumb/v7-m/crt0.o
 .group         0x0000000000000000        0xc HAL/KeyPad.o
 .group         0x0000000000000000        0xc HAL/KeyPad.o
 .group         0x0000000000000000        0xc HAL/KeyPad.o
 .group         0x0000000000000000        0xc HAL/KeyPad.o
 .group         0x0000000000000000        0xc HAL/KeyPad.o
 .group         0x0000000000000000        0xc HAL/KeyPad.o
 .group         0x0000000000000000        0xc HAL/KeyPad.o
 .group         0x0000000000000000        0xc HAL/KeyPad.o
 .group         0x0000000000000000        0xc HAL/KeyPad.o
 .group         0x0000000000000000        0xc HAL/KeyPad.o
 .group         0x0000000000000000        0xc HAL/KeyPad.o
 .group         0x0000000000000000        0xc HAL/KeyPad.o
 .group         0x0000000000000000        0xc HAL/KeyPad.o
 .group         0x0000000000000000        0xc HAL/KeyPad.o
 .group         0x0000000000000000        0xc HAL/KeyPad.o
 .group         0x0000000000000000        0xc HAL/KeyPad.o
 .group         0x0000000000000000        0xc HAL/KeyPad.o
 .group         0x0000000000000000        0xc HAL/KeyPad.o
 .group         0x0000000000000000        0xc HAL/KeyPad.o
 .group         0x0000000000000000        0xc HAL/KeyPad.o
 .group         0x0000000000000000        0xc HAL/KeyPad.o
 .group         0x0000000000000000        0xc HAL/KeyPad.o
 .group         0x0000000000000000        0xc HAL/KeyPad.o
 .group         0x0000000000000000        0xc HAL/KeyPad.o
 .group         0x0000000000000000        0xc HAL/KeyPad.o
 .group         0x0000000000000000        0xc HAL/KeyPad.o
 .text          0x0000000000000000        0x0 HAL/KeyPad.o
 .data          0x0000000000000000        0x0 HAL/KeyPad.o
 .bss           0x0000000000000000        0x0 HAL/KeyPad.o
 .data.KeyPad_R
                0x0000000000000000       0x10 HAL/KeyPad.o
 .data.KeyPad_C
                0x0000000000000000       0x10 HAL/KeyPad.o
 .text.KeyPad_init
                0x0000000000000000      0x13c HAL/KeyPad.o
 .text.KeyPad_getChar
                0x0000000000000000      0x180 HAL/KeyPad.o
 .group         0x0000000000000000        0xc HAL/LCD.o
 .group         0x0000000000000000        0xc HAL/LCD.o
 .group         0x0000000000000000        0xc HAL/LCD.o
 .group         0x0000000000000000        0xc HAL/LCD.o
 .group         0x0000000000000000        0xc HAL/LCD.o
 .group         0x0000000000000000        0xc HAL/LCD.o
 .group         0x0000000000000000        0xc HAL/LCD.o
 .group         0x0000000000000000        0xc HAL/LCD.o
 .group         0x0000000000000000        0xc HAL/LCD.o
 .group         0x0000000000000000        0xc HAL/LCD.o
 .group         0x0000000000000000        0xc HAL/LCD.o
 .group         0x0000000000000000        0xc HAL/LCD.o
 .group         0x0000000000000000        0xc HAL/LCD.o
 .group         0x0000000000000000        0xc HAL/LCD.o
 .group         0x0000000000000000        0xc HAL/LCD.o
 .group         0x0000000000000000        0xc HAL/LCD.o
 .group         0x0000000000000000        0xc HAL/LCD.o
 .group         0x0000000000000000        0xc HAL/LCD.o
 .group         0x0000000000000000        0xc HAL/LCD.o
 .group         0x0000000000000000        0xc HAL/LCD.o
 .group         0x0000000000000000        0xc HAL/LCD.o
 .group         0x0000000000000000        0xc HAL/LCD.o
 .group         0x0000000000000000        0xc HAL/LCD.o
 .group         0x0000000000000000        0xc HAL/LCD.o
 .group         0x0000000000000000        0xc HAL/LCD.o
 .group         0x0000000000000000        0xc HAL/LCD.o
 .text          0x0000000000000000        0x0 HAL/LCD.o
 .data          0x0000000000000000        0x0 HAL/LCD.o
 .bss           0x0000000000000000        0x0 HAL/LCD.o
 .text.LCD_check_lcd_isbusy
                0x0000000000000000      0x114 HAL/LCD.o
 .debug_macro   0x0000000000000000      0xa60 HAL/LCD.o
 .debug_macro   0x0000000000000000       0x16 HAL/LCD.o
 .debug_macro   0x0000000000000000       0x18 HAL/LCD.o
 .debug_macro   0x0000000000000000       0x22 HAL/LCD.o
 .debug_macro   0x0000000000000000       0x40 HAL/LCD.o
 .debug_macro   0x0000000000000000       0x94 HAL/LCD.o
 .debug_macro   0x0000000000000000       0x3c HAL/LCD.o
 .debug_macro   0x0000000000000000       0x34 HAL/LCD.o
 .debug_macro   0x0000000000000000       0x16 HAL/LCD.o
 .debug_macro   0x0000000000000000      0x10e HAL/LCD.o
 .debug_macro   0x0000000000000000       0x8d HAL/LCD.o
 .debug_macro   0x0000000000000000       0x57 HAL/LCD.o
 .debug_macro   0x0000000000000000       0x52 HAL/LCD.o
 .debug_macro   0x0000000000000000       0x1f HAL/LCD.o
 .debug_macro   0x0000000000000000       0x43 HAL/LCD.o
 .debug_macro   0x0000000000000000       0x20 HAL/LCD.o
 .debug_macro   0x0000000000000000      0x1a3 HAL/LCD.o
 .debug_macro   0x0000000000000000      0x330 HAL/LCD.o
 .debug_macro   0x0000000000000000       0x16 HAL/LCD.o
 .debug_macro   0x0000000000000000       0x29 HAL/LCD.o
 .debug_macro   0x0000000000000000       0xef HAL/LCD.o
 .debug_macro   0x0000000000000000       0x6a HAL/LCD.o
 .debug_macro   0x0000000000000000      0x1df HAL/LCD.o
 .debug_macro   0x0000000000000000      0x1c9 HAL/LCD.o
 .debug_macro   0x0000000000000000       0xb8 HAL/LCD.o
 .group         0x0000000000000000        0xc Src/main.o
 .group         0x0000000000000000        0xc Src/main.o
 .group         0x0000000000000000        0xc Src/main.o
 .group         0x0000000000000000        0xc Src/main.o
 .group         0x0000000000000000        0xc Src/main.o
 .group         0x0000000000000000        0xc Src/main.o
 .group         0x0000000000000000        0xc Src/main.o
 .group         0x0000000000000000        0xc Src/main.o
 .group         0x0000000000000000        0xc Src/main.o
 .group         0x0000000000000000        0xc Src/main.o
 .group         0x0000000000000000        0xc Src/main.o
 .group         0x0000000000000000        0xc Src/main.o
 .group         0x0000000000000000        0xc Src/main.o
 .group         0x0000000000000000        0xc Src/main.o
 .group         0x0000000000000000        0xc Src/main.o
 .group         0x0000000000000000        0xc Src/main.o
 .group         0x0000000000000000        0xc Src/main.o
 .group         0x0000000000000000        0xc Src/main.o
 .group         0x0000000000000000        0xc Src/main.o
 .group         0x0000000000000000        0xc Src/main.o
 .group         0x0000000000000000        0xc Src/main.o
 .group         0x0000000000000000        0xc Src/main.o
 .group         0x0000000000000000        0xc Src/main.o
 .group         0x0000000000000000        0xc Src/main.o
 .group         0x0000000000000000        0xc Src/main.o
 .group         0x0000000000000000        0xc Src/main.o
 .group         0x0000000000000000        0xc Src/main.o
 .group         0x0000000000000000        0xc Src/main.o
 .text          0x0000000000000000        0x0 Src/main.o
 .data          0x0000000000000000        0x0 Src/main.o
 .bss           0x0000000000000000        0x0 Src/main.o
 .text.clock_init
                0x0000000000000000       0x28 Src/main.o
 .debug_macro   0x0000000000000000      0xa60 Src/main.o
 .debug_macro   0x0000000000000000       0x16 Src/main.o
 .debug_macro   0x0000000000000000       0x18 Src/main.o
 .debug_macro   0x0000000000000000       0x22 Src/main.o
 .debug_macro   0x0000000000000000       0x40 Src/main.o
 .debug_macro   0x0000000000000000       0x94 Src/main.o
 .debug_macro   0x0000000000000000       0x3c Src/main.o
 .debug_macro   0x0000000000000000       0x34 Src/main.o
 .debug_macro   0x0000000000000000       0x16 Src/main.o
 .debug_macro   0x0000000000000000      0x10e Src/main.o
 .debug_macro   0x0000000000000000       0x8d Src/main.o
 .debug_macro   0x0000000000000000       0x57 Src/main.o
 .debug_macro   0x0000000000000000       0x52 Src/main.o
 .debug_macro   0x0000000000000000       0x1f Src/main.o
 .debug_macro   0x0000000000000000       0x43 Src/main.o
 .debug_macro   0x0000000000000000       0x20 Src/main.o
 .debug_macro   0x0000000000000000      0x1a3 Src/main.o
 .debug_macro   0x0000000000000000      0x330 Src/main.o
 .debug_macro   0x0000000000000000       0x16 Src/main.o
 .debug_macro   0x0000000000000000       0x29 Src/main.o
 .debug_macro   0x0000000000000000       0xef Src/main.o
 .debug_macro   0x0000000000000000       0x6a Src/main.o
 .debug_macro   0x0000000000000000      0x1df Src/main.o
 .debug_macro   0x0000000000000000      0x1c9 Src/main.o
 .debug_macro   0x0000000000000000       0xb8 Src/main.o
 .debug_macro   0x0000000000000000       0x40 Src/main.o
 .group         0x0000000000000000        0xc Src/syscalls.o
 .group         0x0000000000000000        0xc Src/syscalls.o
 .group         0x0000000000000000        0xc Src/syscalls.o
 .group         0x0000000000000000        0xc Src/syscalls.o
 .group         0x0000000000000000        0xc Src/syscalls.o
 .group         0x0000000000000000        0xc Src/syscalls.o
 .group         0x0000000000000000        0xc Src/syscalls.o
 .group         0x0000000000000000        0xc Src/syscalls.o
 .group         0x0000000000000000        0xc Src/syscalls.o
 .group         0x0000000000000000        0xc Src/syscalls.o
 .group         0x0000000000000000        0xc Src/syscalls.o
 .group         0x0000000000000000        0xc Src/syscalls.o
 .group         0x0000000000000000        0xc Src/syscalls.o
 .group         0x0000000000000000        0xc Src/syscalls.o
 .group         0x0000000000000000        0xc Src/syscalls.o
 .group         0x0000000000000000        0xc Src/syscalls.o
 .group         0x0000000000000000        0xc Src/syscalls.o
 .group         0x0000000000000000        0xc Src/syscalls.o
 .group         0x0000000000000000        0xc Src/syscalls.o
 .group         0x0000000000000000        0xc Src/syscalls.o
 .group         0x0000000000000000        0xc Src/syscalls.o
 .group         0x0000000000000000        0xc Src/syscalls.o
 .group         0x0000000000000000        0xc Src/syscalls.o
 .group         0x0000000000000000        0xc Src/syscalls.o
 .group         0x0000000000000000        0xc Src/syscalls.o
 .group         0x0000000000000000        0xc Src/syscalls.o
 .group         0x0000000000000000        0xc Src/syscalls.o
 .group         0x0000000000000000        0xc Src/syscalls.o
 .group         0x0000000000000000        0xc Src/syscalls.o
 .group         0x0000000000000000        0xc Src/syscalls.o
 .group         0x0000000000000000        0xc Src/syscalls.o
 .group         0x0000000000000000        0xc Src/syscalls.o
 .group         0x0000000000000000        0xc Src/syscalls.o
 .group         0x0000000000000000        0xc Src/syscalls.o
 .group         0x0000000000000000        0xc Src/syscalls.o
 .group         0x0000000000000000        0xc Src/syscalls.o
 .group         0x0000000000000000        0xc Src/syscalls.o
 .group         0x0000000000000000        0xc Src/syscalls.o
 .group         0x0000000000000000        0xc Src/syscalls.o
 .group         0x0000000000000000        0xc Src/syscalls.o
 .group         0x0000000000000000        0xc Src/syscalls.o
 .group         0x0000000000000000        0xc Src/syscalls.o
 .group         0x0000000000000000        0xc Src/syscalls.o
 .group         0x0000000000000000        0xc Src/syscalls.o
 .text          0x0000000000000000        0x0 Src/syscalls.o
 .data          0x0000000000000000        0x0 Src/syscalls.o
 .bss           0x0000000000000000        0x0 Src/syscalls.o
 .bss.__env     0x0000000000000000        0x4 Src/syscalls.o
 .data.environ  0x0000000000000000        0x4 Src/syscalls.o
 .text.initialise_monitor_handles
                0x0000000000000000        0xc Src/syscalls.o
 .text._getpid  0x0000000000000000        0xe Src/syscalls.o
 .text._kill    0x0000000000000000       0x20 Src/syscalls.o
 .text._exit    0x0000000000000000       0x14 Src/syscalls.o
 .text._read    0x0000000000000000       0x3a Src/syscalls.o
 .text._write   0x0000000000000000       0x38 Src/syscalls.o
 .text._close   0x0000000000000000       0x16 Src/syscalls.o
 .text._fstat   0x0000000000000000       0x1e Src/syscalls.o
 .text._isatty  0x0000000000000000       0x14 Src/syscalls.o
 .text._lseek   0x0000000000000000       0x18 Src/syscalls.o
 .text._open    0x0000000000000000       0x1a Src/syscalls.o
 .text._wait    0x0000000000000000       0x1e Src/syscalls.o
 .text._unlink  0x0000000000000000       0x1e Src/syscalls.o
 .text._times   0x0000000000000000       0x16 Src/syscalls.o
 .text._stat    0x0000000000000000       0x1e Src/syscalls.o
 .text._link    0x0000000000000000       0x20 Src/syscalls.o
 .text._fork    0x0000000000000000       0x16 Src/syscalls.o
 .text._execve  0x0000000000000000       0x22 Src/syscalls.o
 .debug_info    0x0000000000000000     0x1038 Src/syscalls.o
 .debug_abbrev  0x0000000000000000      0x254 Src/syscalls.o
 .debug_loc     0x0000000000000000      0x5b8 Src/syscalls.o
 .debug_aranges
                0x0000000000000000       0xa8 Src/syscalls.o
 .debug_ranges  0x0000000000000000       0x98 Src/syscalls.o
 .debug_macro   0x0000000000000000      0x243 Src/syscalls.o
 .debug_macro   0x0000000000000000      0xa60 Src/syscalls.o
 .debug_macro   0x0000000000000000       0x22 Src/syscalls.o
 .debug_macro   0x0000000000000000       0x40 Src/syscalls.o
 .debug_macro   0x0000000000000000       0x18 Src/syscalls.o
 .debug_macro   0x0000000000000000       0x94 Src/syscalls.o
 .debug_macro   0x0000000000000000       0x3c Src/syscalls.o
 .debug_macro   0x0000000000000000       0x34 Src/syscalls.o
 .debug_macro   0x0000000000000000       0x57 Src/syscalls.o
 .debug_macro   0x0000000000000000      0x174 Src/syscalls.o
 .debug_macro   0x0000000000000000      0x330 Src/syscalls.o
 .debug_macro   0x0000000000000000       0x52 Src/syscalls.o
 .debug_macro   0x0000000000000000       0x1f Src/syscalls.o
 .debug_macro   0x0000000000000000       0x43 Src/syscalls.o
 .debug_macro   0x0000000000000000       0x20 Src/syscalls.o
 .debug_macro   0x0000000000000000      0x1a3 Src/syscalls.o
 .debug_macro   0x0000000000000000       0x10 Src/syscalls.o
 .debug_macro   0x0000000000000000       0x35 Src/syscalls.o
 .debug_macro   0x0000000000000000       0x10 Src/syscalls.o
 .debug_macro   0x0000000000000000       0x10 Src/syscalls.o
 .debug_macro   0x0000000000000000       0x10 Src/syscalls.o
 .debug_macro   0x0000000000000000       0x6a Src/syscalls.o
 .debug_macro   0x0000000000000000       0x1c Src/syscalls.o
 .debug_macro   0x0000000000000000       0x52 Src/syscalls.o
 .debug_macro   0x0000000000000000       0x40 Src/syscalls.o
 .debug_macro   0x0000000000000000       0x10 Src/syscalls.o
 .debug_macro   0x0000000000000000       0x40 Src/syscalls.o
 .debug_macro   0x0000000000000000       0xd7 Src/syscalls.o
 .debug_macro   0x0000000000000000       0x1c Src/syscalls.o
 .debug_macro   0x0000000000000000       0x3d Src/syscalls.o
 .debug_macro   0x0000000000000000       0x35 Src/syscalls.o
 .debug_macro   0x0000000000000000      0x122 Src/syscalls.o
 .debug_macro   0x0000000000000000       0x16 Src/syscalls.o
 .debug_macro   0x0000000000000000       0x16 Src/syscalls.o
 .debug_macro   0x0000000000000000       0x29 Src/syscalls.o
 .debug_macro   0x0000000000000000       0x10 Src/syscalls.o
 .debug_macro   0x0000000000000000      0x241 Src/syscalls.o
 .debug_macro   0x0000000000000000       0x1c Src/syscalls.o
 .debug_macro   0x0000000000000000       0x10 Src/syscalls.o
 .debug_macro   0x0000000000000000       0x10 Src/syscalls.o
 .debug_macro   0x0000000000000000       0x16 Src/syscalls.o
 .debug_macro   0x0000000000000000      0x145 Src/syscalls.o
 .debug_macro   0x0000000000000000      0x189 Src/syscalls.o
 .debug_macro   0x0000000000000000       0x16 Src/syscalls.o
 .debug_macro   0x0000000000000000       0x88 Src/syscalls.o
 .debug_line    0x0000000000000000      0x8ca Src/syscalls.o
 .debug_str     0x0000000000000000     0x885e Src/syscalls.o
 .comment       0x0000000000000000       0x7c Src/syscalls.o
 .debug_frame   0x0000000000000000      0x2ac Src/syscalls.o
 .ARM.attributes
                0x0000000000000000       0x33 Src/syscalls.o
 .group         0x0000000000000000        0xc Src/sysmem.o
 .group         0x0000000000000000        0xc Src/sysmem.o
 .group         0x0000000000000000        0xc Src/sysmem.o
 .group         0x0000000000000000        0xc Src/sysmem.o
 .group         0x0000000000000000        0xc Src/sysmem.o
 .group         0x0000000000000000        0xc Src/sysmem.o
 .group         0x0000000000000000        0xc Src/sysmem.o
 .group         0x0000000000000000        0xc Src/sysmem.o
 .group         0x0000000000000000        0xc Src/sysmem.o
 .group         0x0000000000000000        0xc Src/sysmem.o
 .group         0x0000000000000000        0xc Src/sysmem.o
 .group         0x0000000000000000        0xc Src/sysmem.o
 .group         0x0000000000000000        0xc Src/sysmem.o
 .group         0x0000000000000000        0xc Src/sysmem.o
 .group         0x0000000000000000        0xc Src/sysmem.o
 .group         0x0000000000000000        0xc Src/sysmem.o
 .group         0x0000000000000000        0xc Src/sysmem.o
 .group         0x0000000000000000        0xc Src/sysmem.o
 .group         0x0000000000000000        0xc Src/sysmem.o
 .text          0x0000000000000000        0x0 Src/sysmem.o
 .data          0x0000000000000000        0x0 Src/sysmem.o
 .bss           0x0000000000000000        0x0 Src/sysmem.o
 .bss.__sbrk_heap_end
                0x0000000000000000        0x4 Src/sysmem.o
 .text._sbrk    0x0000000000000000       0x6c Src/sysmem.o
 .debug_info    0x0000000000000000      0xa7c Src/sysmem.o
 .debug_abbrev  0x0000000000000000      0x18e Src/sysmem.o
 .debug_loc     0x0000000000000000       0x50 Src/sysmem.o
 .debug_aranges
                0x0000000000000000       0x20 Src/sysmem.o
 .debug_ranges  0x0000000000000000       0x10 Src/sysmem.o
 .debug_macro   0x0000000000000000       0xee Src/sysmem.o
 .debug_macro   0x0000000000000000      0xa60 Src/sysmem.o
 .debug_macro   0x0000000000000000       0x10 Src/sysmem.o
 .debug_macro   0x0000000000000000       0x22 Src/sysmem.o
 .debug_macro   0x0000000000000000       0x40 Src/sysmem.o
 .debug_macro   0x0000000000000000       0x18 Src/sysmem.o
 .debug_macro   0x0000000000000000       0x94 Src/sysmem.o
 .debug_macro   0x0000000000000000       0x3c Src/sysmem.o
 .debug_macro   0x0000000000000000       0x34 Src/sysmem.o
 .debug_macro   0x0000000000000000      0x174 Src/sysmem.o
 .debug_macro   0x0000000000000000       0x57 Src/sysmem.o
 .debug_macro   0x0000000000000000       0x52 Src/sysmem.o
 .debug_macro   0x0000000000000000       0x1f Src/sysmem.o
 .debug_macro   0x0000000000000000       0x43 Src/sysmem.o
 .debug_macro   0x0000000000000000       0x20 Src/sysmem.o
 .debug_macro   0x0000000000000000      0x1a3 Src/sysmem.o
 .debug_macro   0x0000000000000000      0x23b Src/sysmem.o
 .debug_macro   0x0000000000000000       0xef Src/sysmem.o
 .debug_macro   0x0000000000000000       0x6a Src/sysmem.o
 .debug_macro   0x0000000000000000      0x1df Src/sysmem.o
 .debug_line    0x0000000000000000      0x653 Src/sysmem.o
 .debug_str     0x0000000000000000     0x5f2c Src/sysmem.o
 .comment       0x0000000000000000       0x7c Src/sysmem.o
 .debug_frame   0x0000000000000000       0x34 Src/sysmem.o
 .ARM.attributes
                0x0000000000000000       0x33 Src/sysmem.o
 .text          0x0000000000000000       0x14 Startup/startup_stm32f103c6tx.o
 .data          0x0000000000000000        0x0 Startup/startup_stm32f103c6tx.o
 .bss           0x0000000000000000        0x0 Startup/startup_stm32f103c6tx.o
 .group         0x0000000000000000        0xc stm32_f103c6_drivers/stm32_f103c6_drivers_EXTI.o
 .group         0x0000000000000000        0xc stm32_f103c6_drivers/stm32_f103c6_drivers_EXTI.o
 .group         0x0000000000000000        0xc stm32_f103c6_drivers/stm32_f103c6_drivers_EXTI.o
 .group         0x0000000000000000        0xc stm32_f103c6_drivers/stm32_f103c6_drivers_EXTI.o
 .group         0x0000000000000000        0xc stm32_f103c6_drivers/stm32_f103c6_drivers_EXTI.o
 .group         0x0000000000000000        0xc stm32_f103c6_drivers/stm32_f103c6_drivers_EXTI.o
 .group         0x0000000000000000        0xc stm32_f103c6_drivers/stm32_f103c6_drivers_EXTI.o
 .group         0x0000000000000000        0xc stm32_f103c6_drivers/stm32_f103c6_drivers_EXTI.o
 .group         0x0000000000000000        0xc stm32_f103c6_drivers/stm32_f103c6_drivers_EXTI.o
 .group         0x0000000000000000        0xc stm32_f103c6_drivers/stm32_f103c6_drivers_EXTI.o
 .group         0x0000000000000000        0xc stm32_f103c6_drivers/stm32_f103c6_drivers_EXTI.o
 .group         0x0000000000000000        0xc stm32_f103c6_drivers/stm32_f103c6_drivers_EXTI.o
 .group         0x0000000000000000        0xc stm32_f103c6_drivers/stm32_f103c6_drivers_EXTI.o
 .group         0x0000000000000000        0xc stm32_f103c6_drivers/stm32_f103c6_drivers_EXTI.o
 .group         0x0000000000000000        0xc stm32_f103c6_drivers/stm32_f103c6_drivers_EXTI.o
 .group         0x0000000000000000        0xc stm32_f103c6_drivers/stm32_f103c6_drivers_EXTI.o
 .group         0x0000000000000000        0xc stm32_f103c6_drivers/stm32_f103c6_drivers_EXTI.o
 .group         0x0000000000000000        0xc stm32_f103c6_drivers/stm32_f103c6_drivers_EXTI.o
 .group         0x0000000000000000        0xc stm32_f103c6_drivers/stm32_f103c6_drivers_EXTI.o
 .group         0x0000000000000000        0xc stm32_f103c6_drivers/stm32_f103c6_drivers_EXTI.o
 .group         0x0000000000000000        0xc stm32_f103c6_drivers/stm32_f103c6_drivers_EXTI.o
 .group         0x0000000000000000        0xc stm32_f103c6_drivers/stm32_f103c6_drivers_EXTI.o
 .group         0x0000000000000000        0xc stm32_f103c6_drivers/stm32_f103c6_drivers_EXTI.o
 .group         0x0000000000000000        0xc stm32_f103c6_drivers/stm32_f103c6_drivers_EXTI.o
 .group         0x0000000000000000        0xc stm32_f103c6_drivers/stm32_f103c6_drivers_EXTI.o
 .text          0x0000000000000000        0x0 stm32_f103c6_drivers/stm32_f103c6_drivers_EXTI.o
 .data          0x0000000000000000        0x0 stm32_f103c6_drivers/stm32_f103c6_drivers_EXTI.o
 .bss           0x0000000000000000        0x0 stm32_f103c6_drivers/stm32_f103c6_drivers_EXTI.o
 .text.Mcal_EXTI_GPIO_DeInit
                0x0000000000000000       0x94 stm32_f103c6_drivers/stm32_f103c6_drivers_EXTI.o
 .text.Mcal_EXTI_GPIO_update
                0x0000000000000000       0x16 stm32_f103c6_drivers/stm32_f103c6_drivers_EXTI.o
 .debug_macro   0x0000000000000000      0xa60 stm32_f103c6_drivers/stm32_f103c6_drivers_EXTI.o
 .debug_macro   0x0000000000000000       0x18 stm32_f103c6_drivers/stm32_f103c6_drivers_EXTI.o
 .debug_macro   0x0000000000000000       0x22 stm32_f103c6_drivers/stm32_f103c6_drivers_EXTI.o
 .debug_macro   0x0000000000000000       0x40 stm32_f103c6_drivers/stm32_f103c6_drivers_EXTI.o
 .debug_macro   0x0000000000000000       0x94 stm32_f103c6_drivers/stm32_f103c6_drivers_EXTI.o
 .debug_macro   0x0000000000000000       0x3c stm32_f103c6_drivers/stm32_f103c6_drivers_EXTI.o
 .debug_macro   0x0000000000000000       0x34 stm32_f103c6_drivers/stm32_f103c6_drivers_EXTI.o
 .debug_macro   0x0000000000000000       0x16 stm32_f103c6_drivers/stm32_f103c6_drivers_EXTI.o
 .debug_macro   0x0000000000000000      0x10e stm32_f103c6_drivers/stm32_f103c6_drivers_EXTI.o
 .debug_macro   0x0000000000000000       0x8d stm32_f103c6_drivers/stm32_f103c6_drivers_EXTI.o
 .debug_macro   0x0000000000000000       0x57 stm32_f103c6_drivers/stm32_f103c6_drivers_EXTI.o
 .debug_macro   0x0000000000000000       0x52 stm32_f103c6_drivers/stm32_f103c6_drivers_EXTI.o
 .debug_macro   0x0000000000000000       0x1f stm32_f103c6_drivers/stm32_f103c6_drivers_EXTI.o
 .debug_macro   0x0000000000000000       0x43 stm32_f103c6_drivers/stm32_f103c6_drivers_EXTI.o
 .debug_macro   0x0000000000000000       0x20 stm32_f103c6_drivers/stm32_f103c6_drivers_EXTI.o
 .debug_macro   0x0000000000000000      0x1a3 stm32_f103c6_drivers/stm32_f103c6_drivers_EXTI.o
 .debug_macro   0x0000000000000000      0x330 stm32_f103c6_drivers/stm32_f103c6_drivers_EXTI.o
 .debug_macro   0x0000000000000000       0x16 stm32_f103c6_drivers/stm32_f103c6_drivers_EXTI.o
 .debug_macro   0x0000000000000000       0x29 stm32_f103c6_drivers/stm32_f103c6_drivers_EXTI.o
 .debug_macro   0x0000000000000000       0xef stm32_f103c6_drivers/stm32_f103c6_drivers_EXTI.o
 .debug_macro   0x0000000000000000       0x6a stm32_f103c6_drivers/stm32_f103c6_drivers_EXTI.o
 .debug_macro   0x0000000000000000      0x1df stm32_f103c6_drivers/stm32_f103c6_drivers_EXTI.o
 .debug_macro   0x0000000000000000      0x1c9 stm32_f103c6_drivers/stm32_f103c6_drivers_EXTI.o
 .debug_macro   0x0000000000000000      0x28c stm32_f103c6_drivers/stm32_f103c6_drivers_EXTI.o
 .group         0x0000000000000000        0xc stm32_f103c6_drivers/stm32_f103c6_drivers_gpio.o
 .group         0x0000000000000000        0xc stm32_f103c6_drivers/stm32_f103c6_drivers_gpio.o
 .group         0x0000000000000000        0xc stm32_f103c6_drivers/stm32_f103c6_drivers_gpio.o
 .group         0x0000000000000000        0xc stm32_f103c6_drivers/stm32_f103c6_drivers_gpio.o
 .group         0x0000000000000000        0xc stm32_f103c6_drivers/stm32_f103c6_drivers_gpio.o
 .group         0x0000000000000000        0xc stm32_f103c6_drivers/stm32_f103c6_drivers_gpio.o
 .group         0x0000000000000000        0xc stm32_f103c6_drivers/stm32_f103c6_drivers_gpio.o
 .group         0x0000000000000000        0xc stm32_f103c6_drivers/stm32_f103c6_drivers_gpio.o
 .group         0x0000000000000000        0xc stm32_f103c6_drivers/stm32_f103c6_drivers_gpio.o
 .group         0x0000000000000000        0xc stm32_f103c6_drivers/stm32_f103c6_drivers_gpio.o
 .group         0x0000000000000000        0xc stm32_f103c6_drivers/stm32_f103c6_drivers_gpio.o
 .group         0x0000000000000000        0xc stm32_f103c6_drivers/stm32_f103c6_drivers_gpio.o
 .group         0x0000000000000000        0xc stm32_f103c6_drivers/stm32_f103c6_drivers_gpio.o
 .group         0x0000000000000000        0xc stm32_f103c6_drivers/stm32_f103c6_drivers_gpio.o
 .group         0x0000000000000000        0xc stm32_f103c6_drivers/stm32_f103c6_drivers_gpio.o
 .group         0x0000000000000000        0xc stm32_f103c6_drivers/stm32_f103c6_drivers_gpio.o
 .group         0x0000000000000000        0xc stm32_f103c6_drivers/stm32_f103c6_drivers_gpio.o
 .group         0x0000000000000000        0xc stm32_f103c6_drivers/stm32_f103c6_drivers_gpio.o
 .group         0x0000000000000000        0xc stm32_f103c6_drivers/stm32_f103c6_drivers_gpio.o
 .group         0x0000000000000000        0xc stm32_f103c6_drivers/stm32_f103c6_drivers_gpio.o
 .group         0x0000000000000000        0xc stm32_f103c6_drivers/stm32_f103c6_drivers_gpio.o
 .group         0x0000000000000000        0xc stm32_f103c6_drivers/stm32_f103c6_drivers_gpio.o
 .group         0x0000000000000000        0xc stm32_f103c6_drivers/stm32_f103c6_drivers_gpio.o
 .group         0x0000000000000000        0xc stm32_f103c6_drivers/stm32_f103c6_drivers_gpio.o
 .group         0x0000000000000000        0xc stm32_f103c6_drivers/stm32_f103c6_drivers_gpio.o
 .text          0x0000000000000000        0x0 stm32_f103c6_drivers/stm32_f103c6_drivers_gpio.o
 .data          0x0000000000000000        0x0 stm32_f103c6_drivers/stm32_f103c6_drivers_gpio.o
 .bss           0x0000000000000000        0x0 stm32_f103c6_drivers/stm32_f103c6_drivers_gpio.o
 .text.MCAL_GPIO_DeInit
                0x0000000000000000       0xcc stm32_f103c6_drivers/stm32_f103c6_drivers_gpio.o
 .text.MCAL_GPIO_ReadPin
                0x0000000000000000       0x2e stm32_f103c6_drivers/stm32_f103c6_drivers_gpio.o
 .text.MCAL_GPIO_ReadPort
                0x0000000000000000       0x1a stm32_f103c6_drivers/stm32_f103c6_drivers_gpio.o
 .text.MCAL_GPIO_TogglePin
                0x0000000000000000       0x22 stm32_f103c6_drivers/stm32_f103c6_drivers_gpio.o
 .debug_macro   0x0000000000000000      0xa60 stm32_f103c6_drivers/stm32_f103c6_drivers_gpio.o
 .debug_macro   0x0000000000000000       0x16 stm32_f103c6_drivers/stm32_f103c6_drivers_gpio.o
 .debug_macro   0x0000000000000000       0x18 stm32_f103c6_drivers/stm32_f103c6_drivers_gpio.o
 .debug_macro   0x0000000000000000       0x22 stm32_f103c6_drivers/stm32_f103c6_drivers_gpio.o
 .debug_macro   0x0000000000000000       0x40 stm32_f103c6_drivers/stm32_f103c6_drivers_gpio.o
 .debug_macro   0x0000000000000000       0x94 stm32_f103c6_drivers/stm32_f103c6_drivers_gpio.o
 .debug_macro   0x0000000000000000       0x3c stm32_f103c6_drivers/stm32_f103c6_drivers_gpio.o
 .debug_macro   0x0000000000000000       0x34 stm32_f103c6_drivers/stm32_f103c6_drivers_gpio.o
 .debug_macro   0x0000000000000000       0x16 stm32_f103c6_drivers/stm32_f103c6_drivers_gpio.o
 .debug_macro   0x0000000000000000      0x10e stm32_f103c6_drivers/stm32_f103c6_drivers_gpio.o
 .debug_macro   0x0000000000000000       0x8d stm32_f103c6_drivers/stm32_f103c6_drivers_gpio.o
 .debug_macro   0x0000000000000000       0x57 stm32_f103c6_drivers/stm32_f103c6_drivers_gpio.o
 .debug_macro   0x0000000000000000       0x52 stm32_f103c6_drivers/stm32_f103c6_drivers_gpio.o
 .debug_macro   0x0000000000000000       0x1f stm32_f103c6_drivers/stm32_f103c6_drivers_gpio.o
 .debug_macro   0x0000000000000000       0x43 stm32_f103c6_drivers/stm32_f103c6_drivers_gpio.o
 .debug_macro   0x0000000000000000       0x20 stm32_f103c6_drivers/stm32_f103c6_drivers_gpio.o
 .debug_macro   0x0000000000000000      0x1a3 stm32_f103c6_drivers/stm32_f103c6_drivers_gpio.o
 .debug_macro   0x0000000000000000      0x330 stm32_f103c6_drivers/stm32_f103c6_drivers_gpio.o
 .debug_macro   0x0000000000000000       0x16 stm32_f103c6_drivers/stm32_f103c6_drivers_gpio.o
 .debug_macro   0x0000000000000000       0x29 stm32_f103c6_drivers/stm32_f103c6_drivers_gpio.o
 .debug_macro   0x0000000000000000       0xef stm32_f103c6_drivers/stm32_f103c6_drivers_gpio.o
 .debug_macro   0x0000000000000000       0x6a stm32_f103c6_drivers/stm32_f103c6_drivers_gpio.o
 .debug_macro   0x0000000000000000      0x1df stm32_f103c6_drivers/stm32_f103c6_drivers_gpio.o
 .debug_macro   0x0000000000000000      0x1c9 stm32_f103c6_drivers/stm32_f103c6_drivers_gpio.o
 .debug_macro   0x0000000000000000       0xb8 stm32_f103c6_drivers/stm32_f103c6_drivers_gpio.o
 .group         0x0000000000000000        0xc stm32_f103c6_drivers/stm32_f103c6_drivers_timers.o
 .text          0x0000000000000000        0x0 stm32_f103c6_drivers/stm32_f103c6_drivers_timers.o
 .data          0x0000000000000000        0x0 stm32_f103c6_drivers/stm32_f103c6_drivers_timers.o
 .bss           0x0000000000000000        0x0 stm32_f103c6_drivers/stm32_f103c6_drivers_timers.o
 .debug_info    0x0000000000000000       0x21 stm32_f103c6_drivers/stm32_f103c6_drivers_timers.o
 .debug_abbrev  0x0000000000000000       0x13 stm32_f103c6_drivers/stm32_f103c6_drivers_timers.o
 .debug_aranges
                0x0000000000000000       0x18 stm32_f103c6_drivers/stm32_f103c6_drivers_timers.o
 .debug_macro   0x0000000000000000       0x11 stm32_f103c6_drivers/stm32_f103c6_drivers_timers.o
 .debug_macro   0x0000000000000000      0xa60 stm32_f103c6_drivers/stm32_f103c6_drivers_timers.o
 .debug_line    0x0000000000000000       0x56 stm32_f103c6_drivers/stm32_f103c6_drivers_timers.o
 .debug_str     0x0000000000000000     0x2cdf stm32_f103c6_drivers/stm32_f103c6_drivers_timers.o
 .comment       0x0000000000000000       0x7c stm32_f103c6_drivers/stm32_f103c6_drivers_timers.o
 .ARM.attributes
                0x0000000000000000       0x33 stm32_f103c6_drivers/stm32_f103c6_drivers_timers.o
 .text          0x0000000000000000        0x0 g:/en.st-stm32cubeide_1.4.0_7511_20200720_0928_x86_64_exe/stm32cubeide_1.4.0/stm32cubeide/plugins/com.st.stm32cube.ide.mcu.externaltools.gnu-tools-for-stm32.7-2018-q2-update.win32_1.4.0.202007081208/tools/bin/../lib/gcc/arm-none-eabi/7.3.1/../../../../arm-none-eabi/lib/thumb/v7-m\libc_nano.a(lib_a-errno.o)
 .data          0x0000000000000000        0x0 g:/en.st-stm32cubeide_1.4.0_7511_20200720_0928_x86_64_exe/stm32cubeide_1.4.0/stm32cubeide/plugins/com.st.stm32cube.ide.mcu.externaltools.gnu-tools-for-stm32.7-2018-q2-update.win32_1.4.0.202007081208/tools/bin/../lib/gcc/arm-none-eabi/7.3.1/../../../../arm-none-eabi/lib/thumb/v7-m\libc_nano.a(lib_a-errno.o)
 .bss           0x0000000000000000        0x0 g:/en.st-stm32cubeide_1.4.0_7511_20200720_0928_x86_64_exe/stm32cubeide_1.4.0/stm32cubeide/plugins/com.st.stm32cube.ide.mcu.externaltools.gnu-tools-for-stm32.7-2018-q2-update.win32_1.4.0.202007081208/tools/bin/../lib/gcc/arm-none-eabi/7.3.1/../../../../arm-none-eabi/lib/thumb/v7-m\libc_nano.a(lib_a-errno.o)
 .text.__errno  0x0000000000000000        0xc g:/en.st-stm32cubeide_1.4.0_7511_20200720_0928_x86_64_exe/stm32cubeide_1.4.0/stm32cubeide/plugins/com.st.stm32cube.ide.mcu.externaltools.gnu-tools-for-stm32.7-2018-q2-update.win32_1.4.0.202007081208/tools/bin/../lib/gcc/arm-none-eabi/7.3.1/../../../../arm-none-eabi/lib/thumb/v7-m\libc_nano.a(lib_a-errno.o)
 .debug_frame   0x0000000000000000       0x20 g:/en.st-stm32cubeide_1.4.0_7511_20200720_0928_x86_64_exe/stm32cubeide_1.4.0/stm32cubeide/plugins/com.st.stm32cube.ide.mcu.externaltools.gnu-tools-for-stm32.7-2018-q2-update.win32_1.4.0.202007081208/tools/bin/../lib/gcc/arm-none-eabi/7.3.1/../../../../arm-none-eabi/lib/thumb/v7-m\libc_nano.a(lib_a-errno.o)
 .ARM.attributes
                0x0000000000000000       0x2d g:/en.st-stm32cubeide_1.4.0_7511_20200720_0928_x86_64_exe/stm32cubeide_1.4.0/stm32cubeide/plugins/com.st.stm32cube.ide.mcu.externaltools.gnu-tools-for-stm32.7-2018-q2-update.win32_1.4.0.202007081208/tools/bin/../lib/gcc/arm-none-eabi/7.3.1/../../../../arm-none-eabi/lib/thumb/v7-m\libc_nano.a(lib_a-errno.o)
 .text          0x0000000000000000        0x0 g:/en.st-stm32cubeide_1.4.0_7511_20200720_0928_x86_64_exe/stm32cubeide_1.4.0/stm32cubeide/plugins/com.st.stm32cube.ide.mcu.externaltools.gnu-tools-for-stm32.7-2018-q2-update.win32_1.4.0.202007081208/tools/bin/../lib/gcc/arm-none-eabi/7.3.1/../../../../arm-none-eabi/lib/thumb/v7-m\libc_nano.a(lib_a-exit.o)
 .data          0x0000000000000000        0x0 g:/en.st-stm32cubeide_1.4.0_7511_20200720_0928_x86_64_exe/stm32cubeide_1.4.0/stm32cubeide/plugins/com.st.stm32cube.ide.mcu.externaltools.gnu-tools-for-stm32.7-2018-q2-update.win32_1.4.0.202007081208/tools/bin/../lib/gcc/arm-none-eabi/7.3.1/../../../../arm-none-eabi/lib/thumb/v7-m\libc_nano.a(lib_a-exit.o)
 .bss           0x0000000000000000        0x0 g:/en.st-stm32cubeide_1.4.0_7511_20200720_0928_x86_64_exe/stm32cubeide_1.4.0/stm32cubeide/plugins/com.st.stm32cube.ide.mcu.externaltools.gnu-tools-for-stm32.7-2018-q2-update.win32_1.4.0.202007081208/tools/bin/../lib/gcc/arm-none-eabi/7.3.1/../../../../arm-none-eabi/lib/thumb/v7-m\libc_nano.a(lib_a-exit.o)
 .text.exit     0x0000000000000000       0x28 g:/en.st-stm32cubeide_1.4.0_7511_20200720_0928_x86_64_exe/stm32cubeide_1.4.0/stm32cubeide/plugins/com.st.stm32cube.ide.mcu.externaltools.gnu-tools-for-stm32.7-2018-q2-update.win32_1.4.0.202007081208/tools/bin/../lib/gcc/arm-none-eabi/7.3.1/../../../../arm-none-eabi/lib/thumb/v7-m\libc_nano.a(lib_a-exit.o)
 .debug_frame   0x0000000000000000       0x28 g:/en.st-stm32cubeide_1.4.0_7511_20200720_0928_x86_64_exe/stm32cubeide_1.4.0/stm32cubeide/plugins/com.st.stm32cube.ide.mcu.externaltools.gnu-tools-for-stm32.7-2018-q2-update.win32_1.4.0.202007081208/tools/bin/../lib/gcc/arm-none-eabi/7.3.1/../../../../arm-none-eabi/lib/thumb/v7-m\libc_nano.a(lib_a-exit.o)
 .ARM.attributes
                0x0000000000000000       0x2d g:/en.st-stm32cubeide_1.4.0_7511_20200720_0928_x86_64_exe/stm32cubeide_1.4.0/stm32cubeide/plugins/com.st.stm32cube.ide.mcu.externaltools.gnu-tools-for-stm32.7-2018-q2-update.win32_1.4.0.202007081208/tools/bin/../lib/gcc/arm-none-eabi/7.3.1/../../../../arm-none-eabi/lib/thumb/v7-m\libc_nano.a(lib_a-exit.o)
 .text          0x0000000000000000        0x0 g:/en.st-stm32cubeide_1.4.0_7511_20200720_0928_x86_64_exe/stm32cubeide_1.4.0/stm32cubeide/plugins/com.st.stm32cube.ide.mcu.externaltools.gnu-tools-for-stm32.7-2018-q2-update.win32_1.4.0.202007081208/tools/bin/../lib/gcc/arm-none-eabi/7.3.1/../../../../arm-none-eabi/lib/thumb/v7-m\libc_nano.a(lib_a-impure.o)
 .data          0x0000000000000000        0x0 g:/en.st-stm32cubeide_1.4.0_7511_20200720_0928_x86_64_exe/stm32cubeide_1.4.0/stm32cubeide/plugins/com.st.stm32cube.ide.mcu.externaltools.gnu-tools-for-stm32.7-2018-q2-update.win32_1.4.0.202007081208/tools/bin/../lib/gcc/arm-none-eabi/7.3.1/../../../../arm-none-eabi/lib/thumb/v7-m\libc_nano.a(lib_a-impure.o)
 .bss           0x0000000000000000        0x0 g:/en.st-stm32cubeide_1.4.0_7511_20200720_0928_x86_64_exe/stm32cubeide_1.4.0/stm32cubeide/plugins/com.st.stm32cube.ide.mcu.externaltools.gnu-tools-for-stm32.7-2018-q2-update.win32_1.4.0.202007081208/tools/bin/../lib/gcc/arm-none-eabi/7.3.1/../../../../arm-none-eabi/lib/thumb/v7-m\libc_nano.a(lib_a-impure.o)
 .data._impure_ptr
                0x0000000000000000        0x4 g:/en.st-stm32cubeide_1.4.0_7511_20200720_0928_x86_64_exe/stm32cubeide_1.4.0/stm32cubeide/plugins/com.st.stm32cube.ide.mcu.externaltools.gnu-tools-for-stm32.7-2018-q2-update.win32_1.4.0.202007081208/tools/bin/../lib/gcc/arm-none-eabi/7.3.1/../../../../arm-none-eabi/lib/thumb/v7-m\libc_nano.a(lib_a-impure.o)
 .data.impure_data
                0x0000000000000000       0x60 g:/en.st-stm32cubeide_1.4.0_7511_20200720_0928_x86_64_exe/stm32cubeide_1.4.0/stm32cubeide/plugins/com.st.stm32cube.ide.mcu.externaltools.gnu-tools-for-stm32.7-2018-q2-update.win32_1.4.0.202007081208/tools/bin/../lib/gcc/arm-none-eabi/7.3.1/../../../../arm-none-eabi/lib/thumb/v7-m\libc_nano.a(lib_a-impure.o)
 .rodata._global_impure_ptr
                0x0000000000000000        0x4 g:/en.st-stm32cubeide_1.4.0_7511_20200720_0928_x86_64_exe/stm32cubeide_1.4.0/stm32cubeide/plugins/com.st.stm32cube.ide.mcu.externaltools.gnu-tools-for-stm32.7-2018-q2-update.win32_1.4.0.202007081208/tools/bin/../lib/gcc/arm-none-eabi/7.3.1/../../../../arm-none-eabi/lib/thumb/v7-m\libc_nano.a(lib_a-impure.o)
 .ARM.attributes
                0x0000000000000000       0x2d g:/en.st-stm32cubeide_1.4.0_7511_20200720_0928_x86_64_exe/stm32cubeide_1.4.0/stm32cubeide/plugins/com.st.stm32cube.ide.mcu.externaltools.gnu-tools-for-stm32.7-2018-q2-update.win32_1.4.0.202007081208/tools/bin/../lib/gcc/arm-none-eabi/7.3.1/../../../../arm-none-eabi/lib/thumb/v7-m\libc_nano.a(lib_a-impure.o)
 .text          0x0000000000000000        0x0 g:/en.st-stm32cubeide_1.4.0_7511_20200720_0928_x86_64_exe/stm32cubeide_1.4.0/stm32cubeide/plugins/com.st.stm32cube.ide.mcu.externaltools.gnu-tools-for-stm32.7-2018-q2-update.win32_1.4.0.202007081208/tools/bin/../lib/gcc/arm-none-eabi/7.3.1/../../../../arm-none-eabi/lib/thumb/v7-m\libc_nano.a(lib_a-init.o)
 .data          0x0000000000000000        0x0 g:/en.st-stm32cubeide_1.4.0_7511_20200720_0928_x86_64_exe/stm32cubeide_1.4.0/stm32cubeide/plugins/com.st.stm32cube.ide.mcu.externaltools.gnu-tools-for-stm32.7-2018-q2-update.win32_1.4.0.202007081208/tools/bin/../lib/gcc/arm-none-eabi/7.3.1/../../../../arm-none-eabi/lib/thumb/v7-m\libc_nano.a(lib_a-init.o)
 .bss           0x0000000000000000        0x0 g:/en.st-stm32cubeide_1.4.0_7511_20200720_0928_x86_64_exe/stm32cubeide_1.4.0/stm32cubeide/plugins/com.st.stm32cube.ide.mcu.externaltools.gnu-tools-for-stm32.7-2018-q2-update.win32_1.4.0.202007081208/tools/bin/../lib/gcc/arm-none-eabi/7.3.1/../../../../arm-none-eabi/lib/thumb/v7-m\libc_nano.a(lib_a-init.o)
 .text          0x0000000000000000        0x0 g:/en.st-stm32cubeide_1.4.0_7511_20200720_0928_x86_64_exe/stm32cubeide_1.4.0/stm32cubeide/plugins/com.st.stm32cube.ide.mcu.externaltools.gnu-tools-for-stm32.7-2018-q2-update.win32_1.4.0.202007081208/tools/bin/../lib/gcc/arm-none-eabi/7.3.1/../../../../arm-none-eabi/lib/thumb/v7-m\libc_nano.a(lib_a-memset.o)
 .data          0x0000000000000000        0x0 g:/en.st-stm32cubeide_1.4.0_7511_20200720_0928_x86_64_exe/stm32cubeide_1.4.0/stm32cubeide/plugins/com.st.stm32cube.ide.mcu.externaltools.gnu-tools-for-stm32.7-2018-q2-update.win32_1.4.0.202007081208/tools/bin/../lib/gcc/arm-none-eabi/7.3.1/../../../../arm-none-eabi/lib/thumb/v7-m\libc_nano.a(lib_a-memset.o)
 .bss           0x0000000000000000        0x0 g:/en.st-stm32cubeide_1.4.0_7511_20200720_0928_x86_64_exe/stm32cubeide_1.4.0/stm32cubeide/plugins/com.st.stm32cube.ide.mcu.externaltools.gnu-tools-for-stm32.7-2018-q2-update.win32_1.4.0.202007081208/tools/bin/../lib/gcc/arm-none-eabi/7.3.1/../../../../arm-none-eabi/lib/thumb/v7-m\libc_nano.a(lib_a-memset.o)
 .text.memset   0x0000000000000000       0x10 g:/en.st-stm32cubeide_1.4.0_7511_20200720_0928_x86_64_exe/stm32cubeide_1.4.0/stm32cubeide/plugins/com.st.stm32cube.ide.mcu.externaltools.gnu-tools-for-stm32.7-2018-q2-update.win32_1.4.0.202007081208/tools/bin/../lib/gcc/arm-none-eabi/7.3.1/../../../../arm-none-eabi/lib/thumb/v7-m\libc_nano.a(lib_a-memset.o)
 .debug_frame   0x0000000000000000       0x20 g:/en.st-stm32cubeide_1.4.0_7511_20200720_0928_x86_64_exe/stm32cubeide_1.4.0/stm32cubeide/plugins/com.st.stm32cube.ide.mcu.externaltools.gnu-tools-for-stm32.7-2018-q2-update.win32_1.4.0.202007081208/tools/bin/../lib/gcc/arm-none-eabi/7.3.1/../../../../arm-none-eabi/lib/thumb/v7-m\libc_nano.a(lib_a-memset.o)
 .ARM.attributes
                0x0000000000000000       0x2d g:/en.st-stm32cubeide_1.4.0_7511_20200720_0928_x86_64_exe/stm32cubeide_1.4.0/stm32cubeide/plugins/com.st.stm32cube.ide.mcu.externaltools.gnu-tools-for-stm32.7-2018-q2-update.win32_1.4.0.202007081208/tools/bin/../lib/gcc/arm-none-eabi/7.3.1/../../../../arm-none-eabi/lib/thumb/v7-m\libc_nano.a(lib_a-memset.o)
 .text          0x0000000000000000        0x0 g:/en.st-stm32cubeide_1.4.0_7511_20200720_0928_x86_64_exe/stm32cubeide_1.4.0/stm32cubeide/plugins/com.st.stm32cube.ide.mcu.externaltools.gnu-tools-for-stm32.7-2018-q2-update.win32_1.4.0.202007081208/tools/bin/../lib/gcc/arm-none-eabi/7.3.1/thumb/v7-m/crtend.o
 .data          0x0000000000000000        0x0 g:/en.st-stm32cubeide_1.4.0_7511_20200720_0928_x86_64_exe/stm32cubeide_1.4.0/stm32cubeide/plugins/com.st.stm32cube.ide.mcu.externaltools.gnu-tools-for-stm32.7-2018-q2-update.win32_1.4.0.202007081208/tools/bin/../lib/gcc/arm-none-eabi/7.3.1/thumb/v7-m/crtend.o
 .bss           0x0000000000000000        0x0 g:/en.st-stm32cubeide_1.4.0_7511_20200720_0928_x86_64_exe/stm32cubeide_1.4.0/stm32cubeide/plugins/com.st.stm32cube.ide.mcu.externaltools.gnu-tools-for-stm32.7-2018-q2-update.win32_1.4.0.202007081208/tools/bin/../lib/gcc/arm-none-eabi/7.3.1/thumb/v7-m/crtend.o
 .eh_frame      0x0000000000000000        0x4 g:/en.st-stm32cubeide_1.4.0_7511_20200720_0928_x86_64_exe/stm32cubeide_1.4.0/stm32cubeide/plugins/com.st.stm32cube.ide.mcu.externaltools.gnu-tools-for-stm32.7-2018-q2-update.win32_1.4.0.202007081208/tools/bin/../lib/gcc/arm-none-eabi/7.3.1/thumb/v7-m/crtend.o
 .ARM.attributes
                0x0000000000000000       0x2d g:/en.st-stm32cubeide_1.4.0_7511_20200720_0928_x86_64_exe/stm32cubeide_1.4.0/stm32cubeide/plugins/com.st.stm32cube.ide.mcu.externaltools.gnu-tools-for-stm32.7-2018-q2-update.win32_1.4.0.202007081208/tools/bin/../lib/gcc/arm-none-eabi/7.3.1/thumb/v7-m/crtend.o
 .text          0x0000000000000000        0x0 g:/en.st-stm32cubeide_1.4.0_7511_20200720_0928_x86_64_exe/stm32cubeide_1.4.0/stm32cubeide/plugins/com.st.stm32cube.ide.mcu.externaltools.gnu-tools-for-stm32.7-2018-q2-update.win32_1.4.0.202007081208/tools/bin/../lib/gcc/arm-none-eabi/7.3.1/thumb/v7-m/crtn.o
 .data          0x0000000000000000        0x0 g:/en.st-stm32cubeide_1.4.0_7511_20200720_0928_x86_64_exe/stm32cubeide_1.4.0/stm32cubeide/plugins/com.st.stm32cube.ide.mcu.externaltools.gnu-tools-for-stm32.7-2018-q2-update.win32_1.4.0.202007081208/tools/bin/../lib/gcc/arm-none-eabi/7.3.1/thumb/v7-m/crtn.o
 .bss           0x0000000000000000        0x0 g:/en.st-stm32cubeide_1.4.0_7511_20200720_0928_x86_64_exe/stm32cubeide_1.4.0/stm32cubeide/plugins/com.st.stm32cube.ide.mcu.externaltools.gnu-tools-for-stm32.7-2018-q2-update.win32_1.4.0.202007081208/tools/bin/../lib/gcc/arm-none-eabi/7.3.1/thumb/v7-m/crtn.o

Memory Configuration

Name             Origin             Length             Attributes
RAM              0x0000000020000000 0x0000000000002800 xrw
ROM              0x0000000008000000 0x0000000000008000 xr
*default*        0x0000000000000000 0xffffffffffffffff

Linker script and memory map

LOAD g:/en.st-stm32cubeide_1.4.0_7511_20200720_0928_x86_64_exe/stm32cubeide_1.4.0/stm32cubeide/plugins/com.st.stm32cube.ide.mcu.externaltools.gnu-tools-for-stm32.7-2018-q2-update.win32_1.4.0.202007081208/tools/bin/../lib/gcc/arm-none-eabi/7.3.1/thumb/v7-m/crti.o
LOAD g:/en.st-stm32cubeide_1.4.0_7511_20200720_0928_x86_64_exe/stm32cubeide_1.4.0/stm32cubeide/plugins/com.st.stm32cube.ide.mcu.externaltools.gnu-tools-for-stm32.7-2018-q2-update.win32_1.4.0.202007081208/tools/bin/../lib/gcc/arm-none-eabi/7.3.1/thumb/v7-m/crtbegin.o
LOAD g:/en.st-stm32cubeide_1.4.0_7511_20200720_0928_x86_64_exe/stm32cubeide_1.4.0/stm32cubeide/plugins/com.st.stm32cube.ide.mcu.externaltools.gnu-tools-for-stm32.7-2018-q2-update.win32_1.4.0.202007081208/tools/bin/../lib/gcc/arm-none-eabi/7.3.1/../../../../arm-none-eabi/lib/thumb/v7-m/crt0.o
LOAD HAL/KeyPad.o
LOAD HAL/LCD.o
LOAD Src/main.o
LOAD Src/syscalls.o
LOAD Src/sysmem.o
LOAD Startup/startup_stm32f103c6tx.o
LOAD stm32_f103c6_drivers/stm32_f103c6_drivers_EXTI.o
LOAD stm32_f103c6_drivers/stm32_f103c6_drivers_gpio.o
LOAD stm32_f103c6_drivers/stm32_f103c6_drivers_timers.o
START GROUP
LOAD g:/en.st-stm32cubeide_1.4.0_7511_20200720_0928_x86_64_exe/stm32cubeide_1.4.0/stm32cubeide/plugins/com.st.stm32cube.ide.mcu.externaltools.gnu-tools-for-stm32.7-2018-q2-update.win32_1.4.0.202007081208/tools/bin/../lib/gcc/arm-none-eabi/7.3.1/../../../../arm-none-eabi/lib/thumb/v7-m\libc_nano.a
LOAD g:/en.st-stm32cubeide_1.4.0_7511_20200720_0928_x86_64_exe/stm32cubeide_1.4.0/stm32cubeide/plugins/com.st.stm32cube.ide.mcu.externaltools.gnu-tools-for-stm32.7-2018-q2-update.win32_1.4.0.202007081208/tools/bin/../lib/gcc/arm-none-eabi/7.3.1/../../../../arm-none-eabi/lib/thumb/v7-m\libm.a
END GROUP
START GROUP
LOAD g:/en.st-stm32cubeide_1.4.0_7511_20200720_0928_x86_64_exe/stm32cubeide_1.4.0/stm32cubeide/plugins/com.st.stm32cube.ide.mcu.externaltools.gnu-tools-for-stm32.7-2018-q2-update.win32_1.4.0.202007081208/tools/bin/../lib/gcc/arm-none-eabi/7.3.1/thumb/v7-m\libgcc.a
LOAD g:/en.st-stm32cubeide_1.4.0_7511_20200720_0928_x86_64_exe/stm32cubeide_1.4.0/stm32cubeide/plugins/com.st.stm32cube.ide.mcu.externaltools.gnu-tools-for-stm32.7-2018-q2-update.win32_1.4.0.202007081208/tools/bin/../lib/gcc/arm-none-eabi/7.3.1/../../../../arm-none-eabi/lib/thumb/v7-m\libg_nano.a
LOAD g:/en.st-stm32cubeide_1.4.0_7511_20200720_0928_x86_64_exe/stm32cubeide_1.4.0/stm32cubeide/plugins/com.st.stm32cube.ide.mcu.externaltools.gnu-tools-for-stm32.7-2018-q2-update.win32_1.4.0.202007081208/tools/bin/../lib/gcc/arm-none-eabi/7.3.1/../../../../arm-none-eabi/lib/thumb/v7-m\libc_nano.a
END GROUP
START GROUP
LOAD g:/en.st-stm32cubeide_1.4.0_7511_20200720_0928_x86_64_exe/stm32cubeide_1.4.0/stm32cubeide/plugins/com.st.stm32cube.ide.mcu.externaltools.gnu-tools-for-stm32.7-2018-q2-update.win32_1.4.0.202007081208/tools/bin/../lib/gcc/arm-none-eabi/7.3.1/thumb/v7-m\libgcc.a
LOAD g:/en.st-stm32cubeide_1.4.0_7511_20200720_0928_x86_64_exe/stm32cubeide_1.4.0/stm32cubeide/plugins/com.st.stm32cube.ide.mcu.externaltools.gnu-tools-for-stm32.7-2018-q2-update.win32_1.4.0.202007081208/tools/bin/../lib/gcc/arm-none-eabi/7.3.1/../../../../arm-none-eabi/lib/thumb/v7-m\libc_nano.a
LOAD g:/en.st-stm32cubeide_1.4.0_7511_20200720_0928_x86_64_exe/stm32cubeide_1.4.0/stm32cubeide/plugins/com.st.stm32cube.ide.mcu.externaltools.gnu-tools-for-stm32.7-2018-q2-update.win32_1.4.0.202007081208/tools/bin/../lib/gcc/arm-none-eabi/7.3.1/../../../../arm-none-eabi/lib/thumb/v7-m\libnosys.a
END GROUP
START GROUP
LOAD g:/en.st-stm32cubeide_1.4.0_7511_20200720_0928_x86_64_exe/stm32cubeide_1.4.0/stm32cubeide/plugins/com.st.stm32cube.ide.mcu.externaltools.gnu-tools-for-stm32.7-2018-q2-update.win32_1.4.0.202007081208/tools/bin/../lib/gcc/arm-none-eabi/7.3.1/thumb/v7-m\libgcc.a
LOAD g:/en.st-stm32cubeide_1.4.0_7511_20200720_0928_x86_64_exe/stm32cubeide_1.4.0/stm32cubeide/plugins/com.st.stm32cube.ide.mcu.externaltools.gnu-tools-for-stm32.7-2018-q2-update.win32_1.4.0.202007081208/tools/bin/../lib/gcc/arm-none-eabi/7.3.1/../../../../arm-none-eabi/lib/thumb/v7-m\libc_nano.a
LOAD g:/en.st-stm32cubeide_1.4.0_7511_20200720_0928_x86_64_exe/stm32cubeide_1.4.0/stm32cubeide/plugins/com.st.stm32cube.ide.mcu.externaltools.gnu-tools-for-stm32.7-2018-q2-update.win32_1.4.0.202007081208/tools/bin/../lib/gcc/arm-none-eabi/7.3.1/../../../../arm-none-eabi/lib/thumb/v7-m\libnosys.a
END GROUP
LOAD g:/en.st-stm32cubeide_1.4.0_7511_20200720_0928_x86_64_exe/stm32cubeide_1.4.0/stm32cubeide/plugins/com.st.stm32cube.ide.mcu.externaltools.gnu-tools-for-stm32.7-2018-q2-update.win32_1.4.0.202007081208/tools/bin/../lib/gcc/arm-none-eabi/7.3.1/thumb/v7-m/crtend.o
LOAD g:/en.st-stm32cubeide_1.4.0_7511_20200720_0928_x86_64_exe/stm32cubeide_1.4.0/stm32cubeide/plugins/com.st.stm32cube.ide.mcu.externaltools.gnu-tools-for-stm32.7-2018-q2-update.win32_1.4.0.202007081208/tools/bin/../lib/gcc/arm-none-eabi/7.3.1/thumb/v7-m/crtn.o
                0x0000000020002800                _estack = (ORIGIN (RAM) + LENGTH (RAM))
                0x0000000000000200                _Min_Heap_Size = 0x200
                0x0000000000000400                _Min_Stack_Size = 0x400

.isr_vector     0x0000000008000000      0x130
                0x0000000008000000                . = ALIGN (0x4)
 *(.isr_vector)
 .isr_vector    0x0000000008000000      0x130 Startup/startup_stm32f103c6tx.o
                0x0000000008000000                g_pfnVectors
                0x0000000008000130                . = ALIGN (0x4)

.text           0x0000000008000130      0xdf0
                0x0000000008000130                . = ALIGN (0x4)
 *(.text)
 .text          0x0000000008000130       0x40 g:/en.st-stm32cubeide_1.4.0_7511_20200720_0928_x86_64_exe/stm32cubeide_1.4.0/stm32cubeide/plugins/com.st.stm32cube.ide.mcu.externaltools.gnu-tools-for-stm32.7-2018-q2-update.win32_1.4.0.202007081208/tools/bin/../lib/gcc/arm-none-eabi/7.3.1/thumb/v7-m/crtbegin.o
 *(.text*)
 .text.delay_ms
                0x0000000008000170       0x38 HAL/LCD.o
                0x0000000008000170                delay_ms
 .text.LCD_INIT
                0x00000000080001a8      0x1d4 HAL/LCD.o
                0x00000000080001a8                LCD_INIT
 .text.LCD_WRITE_COMMAND
                0x000000000800037c       0x3c HAL/LCD.o
                0x000000000800037c                LCD_WRITE_COMMAND
 .text.LCD_WRITE_CHAR
                0x00000000080003b8      0x160 HAL/LCD.o
                0x00000000080003b8                LCD_WRITE_CHAR
 .text.LCD_WRITE_STRING
                0x0000000008000518       0x5c HAL/LCD.o
                0x0000000008000518                LCD_WRITE_STRING
 .text.LCD_lcd_kick
                0x0000000008000574       0x2c HAL/LCD.o
                0x0000000008000574                LCD_lcd_kick
 .text.LCD_clear_screen
                0x00000000080005a0        0xe HAL/LCD.o
                0x00000000080005a0                LCD_clear_screen
 .text.LCD_GOTO_XY
                0x00000000080005ae       0x48 HAL/LCD.o
                0x00000000080005ae                LCD_GOTO_XY
 .text.wait_ms  0x00000000080005f6       0x38 Src/main.o
                0x00000000080005f6                wait_ms
 *fill*         0x000000000800062e        0x2 
 .text.EXTI9_callBack
                0x0000000008000630       0x28 Src/main.o
                0x0000000008000630                EXTI9_callBack
 .text.main     0x0000000008000658       0x74 Src/main.o
                0x0000000008000658                main
 .text.Reset_Handler
                0x00000000080006cc       0x50 Startup/startup_stm32f103c6tx.o
                0x00000000080006cc                Reset_Handler
 .text.Default_Handler
                0x000000000800071c        0x2 Startup/startup_stm32f103c6tx.o
                0x000000000800071c                TIM8_TRG_COM_IRQHandler
                0x000000000800071c                TIM8_CC_IRQHandler
                0x000000000800071c                DebugMon_Handler
                0x000000000800071c                TIM1_CC_IRQHandler
                0x000000000800071c                HardFault_Handler
                0x000000000800071c                TIM6_IRQHandler
                0x000000000800071c                SysTick_Handler
                0x000000000800071c                PVD_IRQHandler
                0x000000000800071c                SDIO_IRQHandler
                0x000000000800071c                PendSV_Handler
                0x000000000800071c                NMI_Handler
                0x000000000800071c                USB_HP_CAN_TX_IRQHandler
                0x000000000800071c                I2C2_EV_IRQHandler
                0x000000000800071c                UsageFault_Handler
                0x000000000800071c                ADC1_2_IRQHandler
                0x000000000800071c                SPI1_IRQHandler
                0x000000000800071c                CAN_SCE_IRQHandler
                0x000000000800071c                TAMPER_IRQHandler
                0x000000000800071c                TIM8_UP_IRQHandler
                0x000000000800071c                DMA2_Channel2_IRQHandler
                0x000000000800071c                DMA1_Channel4_IRQHandler
                0x000000000800071c                USART3_IRQHandler
                0x000000000800071c                RTC_IRQHandler
                0x000000000800071c                DMA1_Channel7_IRQHandler
                0x000000000800071c                UART5_IRQHandler
                0x000000000800071c                ADC3_IRQHandler
                0x000000000800071c                TIM4_IRQHandler
                0x000000000800071c                CAN_RX1_IRQHandler
                0x000000000800071c                DMA2_Channel1_IRQHandler
                0x000000000800071c                I2C1_EV_IRQHandler
                0x000000000800071c                DMA1_Channel6_IRQHandler
                0x000000000800071c                UART4_IRQHandler
                0x000000000800071c                TIM3_IRQHandler
                0x000000000800071c                RCC_IRQHandler
                0x000000000800071c                TIM1_TRG_COM_IRQHandler
                0x000000000800071c                DMA1_Channel1_IRQHandler
                0x000000000800071c                Default_Handler
                0x000000000800071c                TIM7_IRQHandler
                0x000000000800071c                TIM5_IRQHandler
                0x000000000800071c                SPI2_IRQHandler
                0x000000000800071c                USB_LP_CAN_RX0_IRQHandler
                0x000000000800071c                MemManage_Handler
                0x000000000800071c                SVC_Handler
                0x000000000800071c                DMA1_Channel5_IRQHandler
                0x000000000800071c                DMA1_Channel3_IRQHandler
                0x000000000800071c                FSMC_IRQHandler
                0x000000000800071c                TIM1_UP_IRQHandler
                0x000000000800071c                WWDG_IRQHandler
                0x000000000800071c                TIM2_IRQHandler
                0x000000000800071c                TIM1_BRK_IRQHandler
                0x000000000800071c                RTCAlarm_IRQHandler
                0x000000000800071c                DMA2_Channel4_5_IRQHandler
                0x000000000800071c                USART2_IRQHandler
                0x000000000800071c                I2C2_ER_IRQHandler
                0x000000000800071c                DMA1_Channel2_IRQHandler
                0x000000000800071c                TIM8_BRK_IRQHandler
                0x000000000800071c                FLASH_IRQHandler
                0x000000000800071c                BusFault_Handler
                0x000000000800071c                USART1_IRQHandler
                0x000000000800071c                SPI3_IRQHandler
                0x000000000800071c                I2C1_ER_IRQHandler
                0x000000000800071c                DMA2_Channel3_IRQHandler
 *fill*         0x000000000800071e        0x2 
 .text.Enable_NVIC
                0x0000000008000720       0xc8 stm32_f103c6_drivers/stm32_f103c6_drivers_EXTI.o
                0x0000000008000720                Enable_NVIC
 .text.Disable_NVIC
                0x00000000080007e8       0xc8 stm32_f103c6_drivers/stm32_f103c6_drivers_EXTI.o
                0x00000000080007e8                Disable_NVIC
 .text.update_EXTI
                0x00000000080008b0      0x1d0 stm32_f103c6_drivers/stm32_f103c6_drivers_EXTI.o
                0x00000000080008b0                update_EXTI
 .text.Mcal_EXTI_GPIO_init
                0x0000000008000a80       0x16 stm32_f103c6_drivers/stm32_f103c6_drivers_EXTI.o
                0x0000000008000a80                Mcal_EXTI_GPIO_init
 *fill*         0x0000000008000a96        0x2 
 .text.EXTI0_IRQHandler
                0x0000000008000a98       0x24 stm32_f103c6_drivers/stm32_f103c6_drivers_EXTI.o
                0x0000000008000a98                EXTI0_IRQHandler
 .text.EXTI1_IRQHandler
                0x0000000008000abc       0x24 stm32_f103c6_drivers/stm32_f103c6_drivers_EXTI.o
                0x0000000008000abc                EXTI1_IRQHandler
 .text.EXTI2_IRQHandler
                0x0000000008000ae0       0x24 stm32_f103c6_drivers/stm32_f103c6_drivers_EXTI.o
                0x0000000008000ae0                EXTI2_IRQHandler
 .text.EXTI3_IRQHandler
                0x0000000008000b04       0x24 stm32_f103c6_drivers/stm32_f103c6_drivers_EXTI.o
                0x0000000008000b04                EXTI3_IRQHandler
 .text.EXTI4_IRQHandler
                0x0000000008000b28       0x24 stm32_f103c6_drivers/stm32_f103c6_drivers_EXTI.o
                0x0000000008000b28                EXTI4_IRQHandler
 .text.EXTI9_5_IRQHandler
                0x0000000008000b4c       0xa8 stm32_f103c6_drivers/stm32_f103c6_drivers_EXTI.o
                0x0000000008000b4c                EXTI9_5_IRQHandler
 .text.EXTI15_10_IRQHandler
                0x0000000008000bf4       0xc4 stm32_f103c6_drivers/stm32_f103c6_drivers_EXTI.o
                0x0000000008000bf4                EXTI15_10_IRQHandler
 .text.Get_CRLH_Position
                0x0000000008000cb8       0xc6 stm32_f103c6_drivers/stm32_f103c6_drivers_gpio.o
                0x0000000008000cb8                Get_CRLH_Position
 .text.MCAL_GPIO_Init
                0x0000000008000d7e       0xf8 stm32_f103c6_drivers/stm32_f103c6_drivers_gpio.o
                0x0000000008000d7e                MCAL_GPIO_Init
 .text.MCAL_GPIO_WritePort
                0x0000000008000e76       0x1c stm32_f103c6_drivers/stm32_f103c6_drivers_gpio.o
                0x0000000008000e76                MCAL_GPIO_WritePort
 .text.MCAL_GPIO_WritePin
                0x0000000008000e92       0x2e stm32_f103c6_drivers/stm32_f103c6_drivers_gpio.o
                0x0000000008000e92                MCAL_GPIO_WritePin
 .text.__libc_init_array
                0x0000000008000ec0       0x48 g:/en.st-stm32cubeide_1.4.0_7511_20200720_0928_x86_64_exe/stm32cubeide_1.4.0/stm32cubeide/plugins/com.st.stm32cube.ide.mcu.externaltools.gnu-tools-for-stm32.7-2018-q2-update.win32_1.4.0.202007081208/tools/bin/../lib/gcc/arm-none-eabi/7.3.1/../../../../arm-none-eabi/lib/thumb/v7-m\libc_nano.a(lib_a-init.o)
                0x0000000008000ec0                __libc_init_array
 *(.glue_7)
 .glue_7        0x0000000008000f08        0x0 linker stubs
 *(.glue_7t)
 .glue_7t       0x0000000008000f08        0x0 linker stubs
 *(.eh_frame)
 .eh_frame      0x0000000008000f08        0x0 g:/en.st-stm32cubeide_1.4.0_7511_20200720_0928_x86_64_exe/stm32cubeide_1.4.0/stm32cubeide/plugins/com.st.stm32cube.ide.mcu.externaltools.gnu-tools-for-stm32.7-2018-q2-update.win32_1.4.0.202007081208/tools/bin/../lib/gcc/arm-none-eabi/7.3.1/thumb/v7-m/crtbegin.o
 *(.init)
 .init          0x0000000008000f08        0x4 g:/en.st-stm32cubeide_1.4.0_7511_20200720_0928_x86_64_exe/stm32cubeide_1.4.0/stm32cubeide/plugins/com.st.stm32cube.ide.mcu.externaltools.gnu-tools-for-stm32.7-2018-q2-update.win32_1.4.0.202007081208/tools/bin/../lib/gcc/arm-none-eabi/7.3.1/thumb/v7-m/crti.o
                0x0000000008000f08                _init
 .init          0x0000000008000f0c        0x8 g:/en.st-stm32cubeide_1.4.0_7511_20200720_0928_x86_64_exe/stm32cubeide_1.4.0/stm32cubeide/plugins/com.st.stm32cube.ide.mcu.externaltools.gnu-tools-for-stm32.7-2018-q2-update.win32_1.4.0.202007081208/tools/bin/../lib/gcc/arm-none-eabi/7.3.1/thumb/v7-m/crtn.o
 *(.fini)
 .fini          0x0000000008000f14        0x4 g:/en.st-stm32cubeide_1.4.0_7511_20200720_0928_x86_64_exe/stm32cubeide_1.4.0/stm32cubeide/plugins/com.st.stm32cube.ide.mcu.externaltools.gnu-tools-for-stm32.7-2018-q2-update.win32_1.4.0.202007081208/tools/bin/../lib/gcc/arm-none-eabi/7.3.1/thumb/v7-m/crti.o
                0x0000000008000f14                _fini
 .fini          0x0000000008000f18        0x8 g:/en.st-stm32cubeide_1.4.0_7511_20200720_0928_x86_64_exe/stm32cubeide_1.4.0/stm32cubeide/plugins/com.st.stm32cube.ide.mcu.externaltools.gnu-tools-for-stm32.7-2018-q2-update.win32_1.4.0.202007081208/tools/bin/../lib/gcc/arm-none-eabi/7.3.1/thumb/v7-m/crtn.o
                0x0000000008000f20                . = ALIGN (0x4)
                0x0000000008000f20                _etext = .

.vfp11_veneer   0x0000000008000f20        0x0
 .vfp11_veneer  0x0000000008000f20        0x0 linker stubs

.v4_bx          0x0000000008000f20        0x0
 .v4_bx         0x0000000008000f20        0x0 linker stubs

.iplt           0x0000000008000f20        0x0
 .iplt          0x0000000008000f20        0x0 g:/en.st-stm32cubeide_1.4.0_7511_20200720_0928_x86_64_exe/stm32cubeide_1.4.0/stm32cubeide/plugins/com.st.stm32cube.ide.mcu.externaltools.gnu-tools-for-stm32.7-2018-q2-update.win32_1.4.0.202007081208/tools/bin/../lib/gcc/arm-none-eabi/7.3.1/thumb/v7-m/crtbegin.o

.rodata         0x0000000008000f20       0x24
                0x0000000008000f20                . = ALIGN (0x4)
 *(.rodata)
 .rodata        0x0000000008000f20       0x24 Src/main.o
 *(.rodata*)
                0x0000000008000f44                . = ALIGN (0x4)

.rel.dyn        0x0000000008000f44        0x0
 .rel.iplt      0x0000000008000f44        0x0 g:/en.st-stm32cubeide_1.4.0_7511_20200720_0928_x86_64_exe/stm32cubeide_1.4.0/stm32cubeide/plugins/com.st.stm32cube.ide.mcu.externaltools.gnu-tools-for-stm32.7-2018-q2-update.win32_1.4.0.202007081208/tools/bin/../lib/gcc/arm-none-eabi/7.3.1/thumb/v7-m/crtbegin.o

.ARM.extab      0x0000000008000f44        0x0
                0x0000000008000f44                . = ALIGN (0x4)
 *(.ARM.extab* .gnu.linkonce.armextab.*)
                0x0000000008000f44                . = ALIGN (0x4)

.ARM            0x0000000008000f44        0x0
                0x0000000008000f44                . = ALIGN (0x4)
                0x0000000008000f44                __exidx_start = .
 *(.ARM.exidx*)
                0x0000000008000f44                __exidx_end = .
                0x0000000008000f44                . = ALIGN (0x4)

.preinit_array  0x0000000008000f44        0x0
                0x0000000008000f44                . = ALIGN (0x4)
                0x0000000008000f44                PROVIDE (__preinit_array_start = .)
 *(.preinit_array*)
                0x0000000008000f44                PROVIDE (__preinit_array_end = .)
                0x0000000008000f44                . = ALIGN (0x4)

.init_array     0x0000000008000f44        0x4
                0x0000000008000f44                . = ALIGN (0x4)
                0x0000000008000f44                PROVIDE (__init_array_start = .)
 *(SORT_BY_NAME(.init_array.*))
 *(.init_array*)
 .init_array    0x0000000008000f44        0x4 g:/en.st-stm32cubeide_1.4.0_7511_20200720_0928_x86_64_exe/stm32cubeide_1.4.0/stm32cubeide/plugins/com.st.stm32cube.ide.mcu.externaltools.gnu-tools-for-stm32.7-2018-q2-update.win32_1.4.0.202007081208/tools/bin/../lib/gcc/arm-none-eabi/7.3.1/thumb/v7-m/crtbegin.o
                0x0000000008000f48                PROVIDE (__init_array_end = .)
                0x0000000008000f48                . = ALIGN (0x4)

.fini_array     0x0000000008000f48        0x4
                0x0000000008000f48                . = ALIGN (0x4)
                [!provide]                        PROVIDE (__fini_array_start = .)
 *(SORT_BY_NAME(.fini_array.*))
 *(.fini_array*)
 .fini_array    0x0000000008000f48        0x4 g:/en.st-stm32cubeide_1.4.0_7511_20200720_0928_x86_64_exe/stm32cubeide_1.4.0/stm32cubeide/plugins/com.st.stm32cube.ide.mcu.externaltools.gnu-tools-for-stm32.7-2018-q2-update.win32_1.4.0.202007081208/tools/bin/../lib/gcc/arm-none-eabi/7.3.1/thumb/v7-m/crtbegin.o
                [!provide]                        PROVIDE (__fini_array_end = .)
                0x0000000008000f4c                . = ALIGN (0x4)
                0x0000000008000f4c                _sidata = LOADADDR (.data)

.data           0x0000000020000000        0x0 load address 0x0000000008000f4c
                0x0000000020000000                . = ALIGN (0x4)
                0x0000000020000000                _sdata = .
 *(.data)
 *(.data*)
                0x0000000020000000                . = ALIGN (0x4)
                0x0000000020000000                _edata = .

.igot.plt       0x0000000020000000        0x0 load address 0x0000000008000f4c
 .igot.plt      0x0000000020000000        0x0 g:/en.st-stm32cubeide_1.4.0_7511_20200720_0928_x86_64_exe/stm32cubeide_1.4.0/stm32cubeide/plugins/com.st.stm32cube.ide.mcu.externaltools.gnu-tools-for-stm32.7-2018-q2-update.win32_1.4.0.202007081208/tools/bin/../lib/gcc/arm-none-eabi/7.3.1/thumb/v7-m/crtbegin.o
                0x0000000020000000                . = ALIGN (0x4)

.bss            0x0000000020000000       0x60 load address 0x0000000008000f4c
                0x0000000020000000                _sbss = .
                0x0000000020000000                __bss_start__ = _sbss
 *(.bss)
 .bss           0x0000000020000000       0x1c g:/en.st-stm32cubeide_1.4.0_7511_20200720_0928_x86_64_exe/stm32cubeide_1.4.0/stm32cubeide/plugins/com.st.stm32cube.ide.mcu.externaltools.gnu-tools-for-stm32.7-2018-q2-update.win32_1.4.0.202007081208/tools/bin/../lib/gcc/arm-none-eabi/7.3.1/thumb/v7-m/crtbegin.o
 *(.bss*)
 .bss.IRQ_Flag  0x000000002000001c        0x4 Src/main.o
                0x000000002000001c                IRQ_Flag
 *(COMMON)
 COMMON         0x0000000020000020        0x4 HAL/KeyPad.o
                0x0000000020000020                PCFG
 COMMON         0x0000000020000024       0x3c stm32_f103c6_drivers/stm32_f103c6_drivers_EXTI.o
                0x0000000020000024                GP_IRQ_CallBack
                0x0000000020000060                . = ALIGN (0x4)
                0x0000000020000060                _ebss = .
                0x0000000020000060                __bss_end__ = _ebss

._user_heap_stack
                0x0000000020000060      0x600 load address 0x0000000008000f4c
                0x0000000020000060                . = ALIGN (0x8)
                [!provide]                        PROVIDE (end = .)
                0x0000000020000060                PROVIDE (_end = .)
                0x0000000020000260                . = (. + _Min_Heap_Size)
 *fill*         0x0000000020000060      0x200 
                0x0000000020000660                . = (. + _Min_Stack_Size)
 *fill*         0x0000000020000260      0x400 
                0x0000000020000660                . = ALIGN (0x8)

/DISCARD/
 libc.a(*)
 libm.a(*)
 libgcc.a(*)

.ARM.attributes
                0x0000000000000000       0x29
 *(.ARM.attributes)
 .ARM.attributes
                0x0000000000000000       0x1d g:/en.st-stm32cubeide_1.4.0_7511_20200720_0928_x86_64_exe/stm32cubeide_1.4.0/stm32cubeide/plugins/com.st.stm32cube.ide.mcu.externaltools.gnu-tools-for-stm32.7-2018-q2-update.win32_1.4.0.202007081208/tools/bin/../lib/gcc/arm-none-eabi/7.3.1/thumb/v7-m/crti.o
 .ARM.attributes
                0x000000000000001d       0x2d g:/en.st-stm32cubeide_1.4.0_7511_20200720_0928_x86_64_exe/stm32cubeide_1.4.0/stm32cubeide/plugins/com.st.stm32cube.ide.mcu.externaltools.gnu-tools-for-stm32.7-2018-q2-update.win32_1.4.0.202007081208/tools/bin/../lib/gcc/arm-none-eabi/7.3.1/thumb/v7-m/crtbegin.o
 .ARM.attributes
                0x000000000000004a       0x33 HAL/KeyPad.o
 .ARM.attributes
                0x000000000000007d       0x33 HAL/LCD.o
 .ARM.attributes
                0x00000000000000b0       0x33 Src/main.o
 .ARM.attributes
                0x00000000000000e3       0x21 Startup/startup_stm32f103c6tx.o
 .ARM.attributes
                0x0000000000000104       0x33 stm32_f103c6_drivers/stm32_f103c6_drivers_EXTI.o
 .ARM.attributes
                0x0000000000000137       0x33 stm32_f103c6_drivers/stm32_f103c6_drivers_gpio.o
 .ARM.attributes
                0x000000000000016a       0x2d g:/en.st-stm32cubeide_1.4.0_7511_20200720_0928_x86_64_exe/stm32cubeide_1.4.0/stm32cubeide/plugins/com.st.stm32cube.ide.mcu.externaltools.gnu-tools-for-stm32.7-2018-q2-update.win32_1.4.0.202007081208/tools/bin/../lib/gcc/arm-none-eabi/7.3.1/../../../../arm-none-eabi/lib/thumb/v7-m\libc_nano.a(lib_a-init.o)
 .ARM.attributes
                0x0000000000000197       0x1d g:/en.st-stm32cubeide_1.4.0_7511_20200720_0928_x86_64_exe/stm32cubeide_1.4.0/stm32cubeide/plugins/com.st.stm32cube.ide.mcu.externaltools.gnu-tools-for-stm32.7-2018-q2-update.win32_1.4.0.202007081208/tools/bin/../lib/gcc/arm-none-eabi/7.3.1/thumb/v7-m/crtn.o
OUTPUT(Drivers.elf elf32-littlearm)

.debug_info     0x0000000000000000     0x3e84
 .debug_info    0x0000000000000000      0xb10 HAL/KeyPad.o
 .debug_info    0x0000000000000b10      0xbe4 HAL/LCD.o
 .debug_info    0x00000000000016f4      0xc90 Src/main.o
 .debug_info    0x0000000000002384       0x22 Startup/startup_stm32f103c6tx.o
 .debug_info    0x00000000000023a6      0xdb9 stm32_f103c6_drivers/stm32_f103c6_drivers_EXTI.o
 .debug_info    0x000000000000315f      0xd25 stm32_f103c6_drivers/stm32_f103c6_drivers_gpio.o

.debug_abbrev   0x0000000000000000      0x9c0
 .debug_abbrev  0x0000000000000000      0x1a6 HAL/KeyPad.o
 .debug_abbrev  0x00000000000001a6      0x1f4 HAL/LCD.o
 .debug_abbrev  0x000000000000039a      0x1f4 Src/main.o
 .debug_abbrev  0x000000000000058e       0x12 Startup/startup_stm32f103c6tx.o
 .debug_abbrev  0x00000000000005a0      0x219 stm32_f103c6_drivers/stm32_f103c6_drivers_EXTI.o
 .debug_abbrev  0x00000000000007b9      0x207 stm32_f103c6_drivers/stm32_f103c6_drivers_gpio.o

.debug_loc      0x0000000000000000      0x9c0
 .debug_loc     0x0000000000000000       0x7c HAL/KeyPad.o
 .debug_loc     0x000000000000007c      0x24c HAL/LCD.o
 .debug_loc     0x00000000000002c8      0x104 Src/main.o
 .debug_loc     0x00000000000003cc      0x320 stm32_f103c6_drivers/stm32_f103c6_drivers_EXTI.o
 .debug_loc     0x00000000000006ec      0x2d4 stm32_f103c6_drivers/stm32_f103c6_drivers_gpio.o

.debug_aranges  0x0000000000000000      0x1c0
 .debug_aranges
                0x0000000000000000       0x28 HAL/KeyPad.o
 .debug_aranges
                0x0000000000000028       0x60 HAL/LCD.o
 .debug_aranges
                0x0000000000000088       0x38 Src/main.o
 .debug_aranges
                0x00000000000000c0       0x28 Startup/startup_stm32f103c6tx.o
 .debug_aranges
                0x00000000000000e8       0x80 stm32_f103c6_drivers/stm32_f103c6_drivers_EXTI.o
 .debug_aranges
                0x0000000000000168       0x58 stm32_f103c6_drivers/stm32_f103c6_drivers_gpio.o

.debug_ranges   0x0000000000000000      0x168
 .debug_ranges  0x0000000000000000       0x18 HAL/KeyPad.o
 .debug_ranges  0x0000000000000018       0x50 HAL/LCD.o
 .debug_ranges  0x0000000000000068       0x28 Src/main.o
 .debug_ranges  0x0000000000000090       0x20 Startup/startup_stm32f103c6tx.o
 .debug_ranges  0x00000000000000b0       0x70 stm32_f103c6_drivers/stm32_f103c6_drivers_EXTI.o
 .debug_ranges  0x0000000000000120       0x48 stm32_f103c6_drivers/stm32_f103c6_drivers_gpio.o

.debug_macro    0x0000000000000000     0x24fa
 .debug_macro   0x0000000000000000      0x14b HAL/KeyPad.o
 .debug_macro   0x000000000000014b      0xa60 HAL/KeyPad.o
 .debug_macro   0x0000000000000bab       0x16 HAL/KeyPad.o
 .debug_macro   0x0000000000000bc1       0x18 HAL/KeyPad.o
 .debug_macro   0x0000000000000bd9       0x22 HAL/KeyPad.o
 .debug_macro   0x0000000000000bfb       0x40 HAL/KeyPad.o
 .debug_macro   0x0000000000000c3b       0x94 HAL/KeyPad.o
 .debug_macro   0x0000000000000ccf       0x3c HAL/KeyPad.o
 .debug_macro   0x0000000000000d0b       0x34 HAL/KeyPad.o
 .debug_macro   0x0000000000000d3f       0x16 HAL/KeyPad.o
 .debug_macro   0x0000000000000d55      0x10e HAL/KeyPad.o
 .debug_macro   0x0000000000000e63       0x8d HAL/KeyPad.o
 .debug_macro   0x0000000000000ef0       0x57 HAL/KeyPad.o
 .debug_macro   0x0000000000000f47       0x52 HAL/KeyPad.o
 .debug_macro   0x0000000000000f99       0x1f HAL/KeyPad.o
 .debug_macro   0x0000000000000fb8       0x43 HAL/KeyPad.o
 .debug_macro   0x0000000000000ffb       0x20 HAL/KeyPad.o
 .debug_macro   0x000000000000101b      0x1a3 HAL/KeyPad.o
 .debug_macro   0x00000000000011be      0x330 HAL/KeyPad.o
 .debug_macro   0x00000000000014ee       0x16 HAL/KeyPad.o
 .debug_macro   0x0000000000001504       0x29 HAL/KeyPad.o
 .debug_macro   0x000000000000152d       0xef HAL/KeyPad.o
 .debug_macro   0x000000000000161c       0x6a HAL/KeyPad.o
 .debug_macro   0x0000000000001686      0x1df HAL/KeyPad.o
 .debug_macro   0x0000000000001865      0x1c9 HAL/KeyPad.o
 .debug_macro   0x0000000000001a2e       0xb8 HAL/KeyPad.o
 .debug_macro   0x0000000000001ae6       0x40 HAL/KeyPad.o
 .debug_macro   0x0000000000001b26      0x151 HAL/LCD.o
 .debug_macro   0x0000000000001c77       0x94 HAL/LCD.o
 .debug_macro   0x0000000000001d0b      0x167 Src/main.o
 .debug_macro   0x0000000000001e72      0x28c Src/main.o
 .debug_macro   0x00000000000020fe       0x9a Src/main.o
 .debug_macro   0x0000000000002198      0x156 stm32_f103c6_drivers/stm32_f103c6_drivers_EXTI.o
 .debug_macro   0x00000000000022ee       0xca stm32_f103c6_drivers/stm32_f103c6_drivers_EXTI.o
 .debug_macro   0x00000000000023b8      0x142 stm32_f103c6_drivers/stm32_f103c6_drivers_gpio.o

.debug_line     0x0000000000000000     0x282e
 .debug_line    0x0000000000000000      0x782 HAL/KeyPad.o
 .debug_line    0x0000000000000782      0x828 HAL/LCD.o
 .debug_line    0x0000000000000faa      0x779 Src/main.o
 .debug_line    0x0000000000001723       0x84 Startup/startup_stm32f103c6tx.o
 .debug_line    0x00000000000017a7      0x8b7 stm32_f103c6_drivers/stm32_f103c6_drivers_EXTI.o
 .debug_line    0x000000000000205e      0x7d0 stm32_f103c6_drivers/stm32_f103c6_drivers_gpio.o

.debug_str      0x0000000000000000     0x9633
 .debug_str     0x0000000000000000     0x7b56 HAL/KeyPad.o
                                       0x7db7 (size before relaxing)
 .debug_str     0x0000000000007b56      0x320 HAL/LCD.o
                                       0x800a (size before relaxing)
 .debug_str     0x0000000000007e76     0x147a Src/main.o
                                       0x946c (size before relaxing)
 .debug_str     0x00000000000092f0       0x31 Startup/startup_stm32f103c6tx.o
                                         0x4f (size before relaxing)
 .debug_str     0x0000000000009321      0x20e stm32_f103c6_drivers/stm32_f103c6_drivers_EXTI.o
                                       0x92e0 (size before relaxing)
 .debug_str     0x000000000000952f      0x104 stm32_f103c6_drivers/stm32_f103c6_drivers_gpio.o
                                       0x7e42 (size before relaxing)

.comment        0x0000000000000000       0x7b
 .comment       0x0000000000000000       0x7b HAL/KeyPad.o
                                         0x7c (size before relaxing)
 .comment       0x000000000000007b       0x7c HAL/LCD.o
 .comment       0x000000000000007b       0x7c Src/main.o
 .comment       0x000000000000007b       0x7c stm32_f103c6_drivers/stm32_f103c6_drivers_EXTI.o
 .comment       0x000000000000007b       0x7c stm32_f103c6_drivers/stm32_f103c6_drivers_gpio.o

.debug_frame    0x0000000000000000      0x548
 .debug_frame   0x0000000000000000       0x50 HAL/KeyPad.o
 .debug_frame   0x0000000000000050      0x138 HAL/LCD.o
 .debug_frame   0x0000000000000188       0x94 Src/main.o
 .debug_frame   0x000000000000021c      0x1b0 stm32_f103c6_drivers/stm32_f103c6_drivers_EXTI.o
 .debug_frame   0x00000000000003cc      0x150 stm32_f103c6_drivers/stm32_f103c6_drivers_gpio.o
 .debug_frame   0x000000000000051c       0x2c g:/en.st-stm32cubeide_1.4.0_7511_20200720_0928_x86_64_exe/stm32cubeide_1.4.0/stm32cubeide/plugins/com.st.stm32cube.ide.mcu.externaltools.gnu-tools-for-stm32.7-2018-q2-update.win32_1.4.0.202007081208/tools/bin/../lib/gcc/arm-none-eabi/7.3.1/../../../../arm-none-eabi/lib/thumb/v7-m\libc_nano.a(lib_a-init.o)
