
Memory Configuration

Name             Origin             Length             Attributes
flash            0x08000000         0x00020000         xr
sram             0x20000000         0x00005000         xrw
*default*        0x00000000         0xffffffff

Linker script and memory map


.text           0x08000000       0xd8
 *(.vectors*)
 *(.text*)
 .text          0x08000000       0x18 startup.o
                0x08000000                DEFAULT_HANDLER
                0x08000000                USAGE_Fault_HANDLER
                0x08000000                H_Fault_HANDLER
                0x08000000                MM_Fault_HANDLER
                0x0800000c                REST_HANDLER
 .text          0x08000018       0xc0 main.o
                0x08000018                NMI_HANDLER
                0x08000024                BUS_Fault
                0x08000030                main

.data           0x080000d8       0x20
 .data          0x080000d8       0x1c startup.o
                0x080000d8                vectors
 .data          0x080000f4        0x4 main.o
                0x080000f4                PT_ODR

.igot.plt       0x080000f8        0x0
 .igot.plt      0x00000000        0x0 startup.o

.glue_7         0x080000f8        0x0
 .glue_7        0x00000000        0x0 linker stubs

.glue_7t        0x080000f8        0x0
 .glue_7t       0x00000000        0x0 linker stubs

.vfp11_veneer   0x080000f8        0x0
 .vfp11_veneer  0x00000000        0x0 linker stubs

.v4_bx          0x080000f8        0x0
 .v4_bx         0x00000000        0x0 linker stubs

.iplt           0x080000f8        0x0
 .iplt          0x00000000        0x0 startup.o

.rel.dyn        0x080000f8        0x0
 .rel.iplt      0x00000000        0x0 startup.o

.bss            0x20000000        0x0
 *(.bss*)
 .bss           0x20000000        0x0 startup.o
 .bss           0x20000000        0x0 main.o
LOAD startup.o
LOAD main.o
OUTPUT(learn-in-depth-cortex-m3.elf elf32-littlearm)

.comment        0x00000000       0x11
 .comment       0x00000000       0x11 startup.o
                                 0x12 (size before relaxing)
 .comment       0x00000000       0x12 main.o

.ARM.attributes
                0x00000000       0x33
 .ARM.attributes
                0x00000000       0x33 startup.o
 .ARM.attributes
                0x00000033       0x33 main.o
